[2026-09-18 15:33:46] Etapa 2 iniciada
[2026-09-18 15:33:46] Configuração: 16 workers para varredura e logs
[2026-09-18 15:33:46] Fase 1/4 iniciada — varredura paralela do disco
[2026-09-18 15:33:46] Fase 1/4 | diretórios visitados=1 | arquivos encontrados=0 | assessments lidos=0
[2026-09-18 15:33:46] Fase 1/4 | diretórios visitados=100 | arquivos encontrados=187 | assessments lidos=187
[2026-09-18 15:33:47] Fase 1/4 | diretórios visitados=200 | arquivos encontrados=962 | assessments lidos=962
[2026-09-18 15:33:47] Fase 1/4 | diretórios visitados=300 | arquivos encontrados=1,130 | assessments lidos=962
[2026-09-18 15:33:47] Fase 1/4 | diretórios visitados=400 | arquivos encontrados=1,330 | assessments lidos=962
[2026-09-18 15:33:47] Fase 1/4 | diretórios visitados=500 | arquivos encontrados=1,530 | assessments lidos=962
[2026-09-18 15:33:47] Fase 1/4 | diretórios visitados=600 | arquivos encontrados=1,730 | assessments lidos=962
[2026-09-18 15:33:47] Fase 1/4 | diretórios visitados=700 | arquivos encontrados=1,930 | assessments lidos=962
[2026-09-18 15:33:47] Fase 1/4 | diretórios visitados=800 | arquivos encontrados=2,130 | assessments lidos=962
[2026-09-18 15:33:48] Fase 1/4 | diretórios visitados=900 | arquivos encontrados=2,330 | assessments lidos=962
[2026-09-18 15:33:48] Fase 1/4 | diretórios visitados=1,000 | arquivos encontrados=2,530 | assessments lidos=962
[2026-09-18 15:33:48] Fase 1/4 | diretórios visitados=1,100 | arquivos encontrados=2,730 | assessments lidos=962
[2026-09-18 15:33:48] Fase 1/4 | diretórios visitados=1,200 | arquivos encontrados=2,930 | assessments lidos=962
[2026-09-18 15:33:48] Fase 1/4 | diretórios visitados=1,300 | arquivos encontrados=3,130 | assessments lidos=962
[2026-09-18 15:33:48] Fase 1/4 | diretórios visitados=1,400 | arquivos encontrados=3,330 | assessments lidos=962
[2026-09-18 15:33:48] Fase 1/4 | diretórios visitados=1,500 | arquivos encontrados=3,530 | assessments lidos=962
[2026-09-18 15:33:48] Fase 1/4 | diretórios visitados=1,600 | arquivos encontrados=3,730 | assessments lidos=962
[2026-09-18 15:33:49] Fase 1/4 | diretórios visitados=1,700 | arquivos encontrados=3,930 | assessments lidos=962
[2026-09-18 15:33:49] Fase 1/4 | diretórios visitados=1,800 | arquivos encontrados=4,130 | assessments lidos=962
[2026-09-18 15:33:49] Fase 1/4 | diretórios visitados=1,900 | arquivos encontrados=4,330 | assessments lidos=962
[2026-09-18 15:33:49] Fase 1/4 | diretórios visitados=2,000 | arquivos encontrados=4,530 | assessments lidos=962
[2026-09-18 15:33:49] Fase 1/4 | diretórios visitados=2,100 | arquivos encontrados=4,730 | assessments lidos=962
[2026-09-18 15:33:49] Fase 1/4 | diretórios visitados=2,200 | arquivos encontrados=4,930 | assessments lidos=962
[2026-09-18 15:33:50] Fase 1/4 | diretórios visitados=2,300 | arquivos encontrados=5,149 | assessments lidos=985
[2026-09-18 15:33:50] Fase 1/4 | diretórios visitados=2,400 | arquivos encontrados=5,349 | assessments lidos=985
[2026-09-18 15:33:51] Fase 1/4 | diretórios visitados=2,500 | arquivos encontrados=5,828 | assessments lidos=1,080
[2026-09-18 15:33:53] Fase 1/4 | diretórios visitados=2,600 | arquivos encontrados=11,625 | assessments lidos=1,080
[2026-09-18 15:33:54] Fase 1/4 | diretórios visitados=2,700 | arquivos encontrados=16,285 | assessments lidos=1,080
[2026-09-18 15:33:56] Fase 1/4 | diretórios visitados=2,800 | arquivos encontrados=22,002 | assessments lidos=1,080
[2026-09-18 15:33:56] Fase 1/4 | diretórios visitados=2,900 | arquivos encontrados=25,114 | assessments lidos=1,080
[2026-09-18 15:33:57] Fase 1/4 | diretórios visitados=3,000 | arquivos encontrados=27,553 | assessments lidos=1,080
[2026-09-18 15:33:58] Fase 1/4 | diretórios visitados=3,100 | arquivos encontrados=33,844 | assessments lidos=1,080
[2026-09-18 15:34:00] Fase 1/4 | diretórios visitados=3,200 | arquivos encontrados=39,354 | assessments lidos=1,080
[2026-09-18 15:34:01] Fase 1/4 | diretórios visitados=3,300 | arquivos encontrados=42,885 | assessments lidos=1,080
[2026-09-18 15:34:02] Fase 1/4 | diretórios visitados=3,400 | arquivos encontrados=48,952 | assessments lidos=1,080
[2026-09-18 15:34:04] Fase 1/4 | diretórios visitados=3,500 | arquivos encontrados=55,373 | assessments lidos=1,080
[2026-09-18 15:34:06] Fase 1/4 | diretórios visitados=3,600 | arquivos encontrados=61,567 | assessments lidos=1,080
[2026-09-18 15:34:07] Fase 1/4 | diretórios visitados=3,700 | arquivos encontrados=65,314 | assessments lidos=1,080
[2026-09-18 15:34:08] Fase 1/4 | diretórios visitados=3,800 | arquivos encontrados=70,164 | assessments lidos=1,080
[2026-09-18 15:34:13] Fase 1/4 | diretórios visitados=3,900 | arquivos encontrados=70,829 | assessments lidos=1,658
[2026-09-18 15:34:15] Fase 1/4 | diretórios visitados=4,000 | arquivos encontrados=73,338 | assessments lidos=1,762
[2026-09-18 15:34:16] Fase 1/4 | diretórios visitados=4,100 | arquivos encontrados=76,405 | assessments lidos=1,762
[2026-09-18 15:34:18] Fase 1/4 | diretórios visitados=4,200 | arquivos encontrados=80,605 | assessments lidos=1,762
[2026-09-18 15:34:18] Fase 1/4 | diretórios visitados=4,300 | arquivos encontrados=83,000 | assessments lidos=1,762
[2026-09-18 15:34:20] Fase 1/4 | diretórios visitados=4,400 | arquivos encontrados=88,117 | assessments lidos=1,762
[2026-09-18 15:34:21] Fase 1/4 | diretórios visitados=4,500 | arquivos encontrados=91,409 | assessments lidos=1,762
[2026-09-18 15:34:21] Fase 1/4 | diretórios visitados=4,600 | arquivos encontrados=95,527 | assessments lidos=1,762
[2026-09-18 15:34:23] Fase 1/4 | diretórios visitados=4,700 | arquivos encontrados=100,580 | assessments lidos=1,762
[2026-09-18 15:34:23] Fase 1/4 | diretórios visitados=4,800 | arquivos encontrados=103,476 | assessments lidos=1,762
[2026-09-18 15:34:24] Fase 1/4 | diretórios visitados=4,900 | arquivos encontrados=106,854 | assessments lidos=1,762
[2026-09-18 15:34:25] Fase 1/4 | diretórios visitados=5,000 | arquivos encontrados=109,590 | assessments lidos=1,762
[2026-09-18 15:34:26] Fase 1/4 | diretórios visitados=5,100 | arquivos encontrados=112,963 | assessments lidos=1,762
[2026-09-18 15:34:28] Fase 1/4 | diretórios visitados=5,200 | arquivos encontrados=119,674 | assessments lidos=1,762
[2026-09-18 15:34:29] Fase 1/4 | diretórios visitados=5,300 | arquivos encontrados=125,749 | assessments lidos=1,762
[2026-09-18 15:34:30] Fase 1/4 | diretórios visitados=5,400 | arquivos encontrados=129,817 | assessments lidos=1,762
[2026-09-18 15:34:31] Fase 1/4 | diretórios visitados=5,500 | arquivos encontrados=133,533 | assessments lidos=1,762
[2026-09-18 15:34:33] Fase 1/4 | diretórios visitados=5,600 | arquivos encontrados=141,042 | assessments lidos=1,762
[2026-09-18 15:34:35] Fase 1/4 | diretórios visitados=5,700 | arquivos encontrados=145,770 | assessments lidos=1,762
[2026-09-18 15:34:37] Fase 1/4 | diretórios visitados=5,800 | arquivos encontrados=152,035 | assessments lidos=1,762
[2026-09-18 15:34:38] Fase 1/4 | diretórios visitados=5,900 | arquivos encontrados=157,789 | assessments lidos=1,762
[2026-09-18 15:34:40] Fase 1/4 | diretórios visitados=6,000 | arquivos encontrados=162,883 | assessments lidos=1,762
[2026-09-18 15:34:42] Fase 1/4 | diretórios visitados=6,100 | arquivos encontrados=168,109 | assessments lidos=1,762
[2026-09-18 15:34:42] Fase 1/4 | diretórios visitados=6,200 | arquivos encontrados=172,294 | assessments lidos=1,762
[2026-09-18 15:34:44] Fase 1/4 | diretórios visitados=6,300 | arquivos encontrados=178,973 | assessments lidos=1,762
[2026-09-18 15:34:45] Fase 1/4 | diretórios visitados=6,400 | arquivos encontrados=185,142 | assessments lidos=1,762
[2026-09-18 15:34:46] Fase 1/4 | diretórios visitados=6,500 | arquivos encontrados=193,569 | assessments lidos=1,762
[2026-09-18 15:34:48] Fase 1/4 | diretórios visitados=6,600 | arquivos encontrados=200,742 | assessments lidos=1,762
[2026-09-18 15:34:49] Fase 1/4 | diretórios visitados=6,700 | arquivos encontrados=208,918 | assessments lidos=1,762
[2026-09-18 15:34:50] Fase 1/4 | diretórios visitados=6,800 | arquivos encontrados=214,674 | assessments lidos=1,762
[2026-09-18 15:34:52] Fase 1/4 | diretórios visitados=6,900 | arquivos encontrados=221,436 | assessments lidos=1,762
[2026-09-18 15:34:53] Fase 1/4 | diretórios visitados=7,000 | arquivos encontrados=229,872 | assessments lidos=1,762
[2026-09-18 15:34:55] Fase 1/4 | diretórios visitados=7,100 | arquivos encontrados=236,771 | assessments lidos=1,762
[2026-09-18 15:34:56] Fase 1/4 | diretórios visitados=7,200 | arquivos encontrados=243,100 | assessments lidos=1,762
[2026-09-18 15:34:57] Fase 1/4 | diretórios visitados=7,300 | arquivos encontrados=249,248 | assessments lidos=1,762
[2026-09-18 15:34:58] Fase 1/4 | diretórios visitados=7,400 | arquivos encontrados=253,859 | assessments lidos=1,762
[2026-09-18 15:34:59] Fase 1/4 | diretórios visitados=7,500 | arquivos encontrados=258,949 | assessments lidos=1,762
[2026-09-18 15:35:00] Fase 1/4 | diretórios visitados=7,600 | arquivos encontrados=265,618 | assessments lidos=1,762
[2026-09-18 15:35:01] Fase 1/4 | diretórios visitados=7,700 | arquivos encontrados=273,037 | assessments lidos=1,762
[2026-09-18 15:35:02] Fase 1/4 | diretórios visitados=7,800 | arquivos encontrados=277,843 | assessments lidos=1,762
[2026-09-18 15:35:03] Fase 1/4 | diretórios visitados=7,900 | arquivos encontrados=281,758 | assessments lidos=1,762
[2026-09-18 15:35:04] Fase 1/4 | diretórios visitados=8,000 | arquivos encontrados=285,049 | assessments lidos=1,762
[2026-09-18 15:35:04] Fase 1/4 | diretórios visitados=8,100 | arquivos encontrados=287,011 | assessments lidos=1,762
[2026-09-18 15:35:05] Fase 1/4 | diretórios visitados=8,200 | arquivos encontrados=291,189 | assessments lidos=1,762
[2026-09-18 15:35:07] Fase 1/4 | diretórios visitados=8,300 | arquivos encontrados=301,805 | assessments lidos=1,762
[2026-09-18 15:35:08] Fase 1/4 | diretórios visitados=8,400 | arquivos encontrados=307,604 | assessments lidos=1,762
[2026-09-18 15:35:09] Fase 1/4 | diretórios visitados=8,500 | arquivos encontrados=314,064 | assessments lidos=1,762
[2026-09-18 15:35:12] Fase 1/4 | diretórios visitados=8,600 | arquivos encontrados=322,060 | assessments lidos=1,762
[2026-09-18 15:35:13] Fase 1/4 | diretórios visitados=8,700 | arquivos encontrados=329,842 | assessments lidos=1,762
[2026-09-18 15:35:15] Fase 1/4 | diretórios visitados=8,800 | arquivos encontrados=337,387 | assessments lidos=1,762
[2026-09-18 15:35:15] Fase 1/4 | diretórios visitados=8,900 | arquivos encontrados=342,212 | assessments lidos=1,762
[2026-09-18 15:35:17] Fase 1/4 | diretórios visitados=9,000 | arquivos encontrados=350,741 | assessments lidos=1,762
[2026-09-18 15:35:18] Fase 1/4 | diretórios visitados=9,100 | arquivos encontrados=356,421 | assessments lidos=1,762
[2026-09-18 15:35:20] Fase 1/4 | diretórios visitados=9,200 | arquivos encontrados=365,684 | assessments lidos=1,762
[2026-09-18 15:35:21] Fase 1/4 | diretórios visitados=9,300 | arquivos encontrados=372,635 | assessments lidos=1,762
[2026-09-18 15:35:23] Fase 1/4 | diretórios visitados=9,400 | arquivos encontrados=382,794 | assessments lidos=1,762
[2026-09-18 15:35:25] Fase 1/4 | diretórios visitados=9,500 | arquivos encontrados=390,435 | assessments lidos=1,762
[2026-09-18 15:35:26] Fase 1/4 | diretórios visitados=9,600 | arquivos encontrados=397,582 | assessments lidos=1,762
[2026-09-18 15:35:27] Fase 1/4 | diretórios visitados=9,700 | arquivos encontrados=405,647 | assessments lidos=1,762
[2026-09-18 15:35:29] Fase 1/4 | diretórios visitados=9,800 | arquivos encontrados=414,836 | assessments lidos=1,762
[2026-09-18 15:35:31] Fase 1/4 | diretórios visitados=9,900 | arquivos encontrados=422,838 | assessments lidos=1,762
[2026-09-18 15:35:32] Fase 1/4 | diretórios visitados=10,000 | arquivos encontrados=431,109 | assessments lidos=1,762
[2026-09-18 15:35:34] Fase 1/4 | diretórios visitados=10,100 | arquivos encontrados=439,511 | assessments lidos=1,762
[2026-09-18 15:35:34] Fase 1/4 | diretórios visitados=10,200 | arquivos encontrados=443,044 | assessments lidos=1,762
[2026-09-18 15:35:35] Fase 1/4 | diretórios visitados=10,300 | arquivos encontrados=447,601 | assessments lidos=1,762
[2026-09-18 15:35:37] Fase 1/4 | diretórios visitados=10,400 | arquivos encontrados=454,364 | assessments lidos=1,762
[2026-09-18 15:35:38] Fase 1/4 | diretórios visitados=10,500 | arquivos encontrados=462,114 | assessments lidos=1,762
[2026-09-18 15:35:39] Fase 1/4 | diretórios visitados=10,600 | arquivos encontrados=467,235 | assessments lidos=1,762
[2026-09-18 15:35:40] Fase 1/4 | diretórios visitados=10,700 | arquivos encontrados=471,777 | assessments lidos=1,762
[2026-09-18 15:35:41] Fase 1/4 | diretórios visitados=10,800 | arquivos encontrados=475,478 | assessments lidos=1,762
[2026-09-18 15:35:42] Fase 1/4 | diretórios visitados=10,900 | arquivos encontrados=480,122 | assessments lidos=1,762
[2026-09-18 15:35:42] Fase 1/4 | diretórios visitados=11,000 | arquivos encontrados=483,632 | assessments lidos=1,762
[2026-09-18 15:35:43] Fase 1/4 | diretórios visitados=11,100 | arquivos encontrados=490,133 | assessments lidos=1,762
[2026-09-18 15:35:45] Fase 1/4 | diretórios visitados=11,200 | arquivos encontrados=496,914 | assessments lidos=1,762
[2026-09-18 15:35:46] Fase 1/4 | diretórios visitados=11,300 | arquivos encontrados=501,435 | assessments lidos=1,762
[2026-09-18 15:35:46] Fase 1/4 | diretórios visitados=11,400 | arquivos encontrados=505,931 | assessments lidos=1,762
[2026-09-18 15:35:48] Fase 1/4 | diretórios visitados=11,500 | arquivos encontrados=512,501 | assessments lidos=1,762
[2026-09-18 15:35:50] Fase 1/4 | diretórios visitados=11,600 | arquivos encontrados=520,029 | assessments lidos=1,762
[2026-09-18 15:35:50] Fase 1/4 | diretórios visitados=11,700 | arquivos encontrados=521,876 | assessments lidos=1,762
[2026-09-18 15:35:50] Fase 1/4 | diretórios visitados=11,800 | arquivos encontrados=522,076 | assessments lidos=1,762
[2026-09-18 15:35:51] Fase 1/4 | diretórios visitados=11,900 | arquivos encontrados=523,533 | assessments lidos=1,762
[2026-09-18 15:35:53] Fase 1/4 | diretórios visitados=12,000 | arquivos encontrados=531,729 | assessments lidos=1,762
[2026-09-18 15:35:54] Fase 1/4 | diretórios visitados=12,100 | arquivos encontrados=538,817 | assessments lidos=1,762
[2026-09-18 15:35:54] Fase 1/4 | diretórios visitados=12,200 | arquivos encontrados=539,017 | assessments lidos=1,762
[2026-09-18 15:35:54] Fase 1/4 | diretórios visitados=12,300 | arquivos encontrados=539,217 | assessments lidos=1,762
[2026-09-18 15:35:54] Fase 1/4 | diretórios visitados=12,400 | arquivos encontrados=539,437 | assessments lidos=1,762
[2026-09-18 15:35:54] Fase 1/4 | diretórios visitados=12,500 | arquivos encontrados=539,737 | assessments lidos=1,762
[2026-09-18 15:35:55] Fase 1/4 | diretórios visitados=12,600 | arquivos encontrados=540,037 | assessments lidos=1,762
[2026-09-18 15:35:55] Fase 1/4 | diretórios visitados=12,700 | arquivos encontrados=540,337 | assessments lidos=1,762
[2026-09-18 15:35:55] Fase 1/4 | diretórios visitados=12,800 | arquivos encontrados=540,637 | assessments lidos=1,762
[2026-09-18 15:35:55] Fase 1/4 | diretórios visitados=12,900 | arquivos encontrados=540,937 | assessments lidos=1,762
[2026-09-18 15:35:55] Fase 1/4 | diretórios visitados=13,000 | arquivos encontrados=541,237 | assessments lidos=1,762
[2026-09-18 15:35:55] Fase 1/4 | diretórios visitados=13,100 | arquivos encontrados=541,537 | assessments lidos=1,762
[2026-09-18 15:35:55] Fase 1/4 | diretórios visitados=13,200 | arquivos encontrados=541,837 | assessments lidos=1,762
[2026-09-18 15:35:57] Fase 1/4 | diretórios visitados=13,300 | arquivos encontrados=542,311 | assessments lidos=1,984
[2026-09-18 15:36:00] Fase 1/4 | diretórios visitados=13,400 | arquivos encontrados=547,358 | assessments lidos=2,239
[2026-09-18 15:36:01] Fase 1/4 | diretórios visitados=13,500 | arquivos encontrados=552,699 | assessments lidos=2,239
[2026-09-18 15:36:03] Fase 1/4 | diretórios visitados=13,600 | arquivos encontrados=558,236 | assessments lidos=2,239
[2026-09-18 15:36:03] Fase 1/4 | diretórios visitados=13,700 | arquivos encontrados=561,450 | assessments lidos=2,239
[2026-09-18 15:36:05] Fase 1/4 | diretórios visitados=13,800 | arquivos encontrados=569,945 | assessments lidos=2,239
[2026-09-18 15:36:06] Fase 1/4 | diretórios visitados=13,900 | arquivos encontrados=575,467 | assessments lidos=2,239
[2026-09-18 15:36:07] Fase 1/4 | diretórios visitados=14,000 | arquivos encontrados=581,557 | assessments lidos=2,239
[2026-09-18 15:36:10] Fase 1/4 | diretórios visitados=14,100 | arquivos encontrados=591,732 | assessments lidos=2,239
[2026-09-18 15:36:11] Fase 1/4 | diretórios visitados=14,200 | arquivos encontrados=596,946 | assessments lidos=2,239
[2026-09-18 15:36:12] Fase 1/4 | diretórios visitados=14,300 | arquivos encontrados=604,012 | assessments lidos=2,239
[2026-09-18 15:36:13] Fase 1/4 | diretórios visitados=14,400 | arquivos encontrados=606,996 | assessments lidos=2,239
[2026-09-18 15:36:14] Fase 1/4 | diretórios visitados=14,500 | arquivos encontrados=610,099 | assessments lidos=2,239
[2026-09-18 15:36:14] Fase 1/4 | diretórios visitados=14,600 | arquivos encontrados=612,597 | assessments lidos=2,239
[2026-09-18 15:36:15] Fase 1/4 | diretórios visitados=14,700 | arquivos encontrados=616,657 | assessments lidos=2,239
[2026-09-18 15:36:16] Fase 1/4 | diretórios visitados=14,800 | arquivos encontrados=618,938 | assessments lidos=2,239
[2026-09-18 15:36:17] Fase 1/4 | diretórios visitados=14,900 | arquivos encontrados=621,969 | assessments lidos=2,239
[2026-09-18 15:36:17] Fase 1/4 | diretórios visitados=15,000 | arquivos encontrados=625,342 | assessments lidos=2,239
[2026-09-18 15:36:18] Fase 1/4 | diretórios visitados=15,100 | arquivos encontrados=629,712 | assessments lidos=2,239
[2026-09-18 15:36:19] Fase 1/4 | diretórios visitados=15,200 | arquivos encontrados=632,858 | assessments lidos=2,239
[2026-09-18 15:36:21] Fase 1/4 | diretórios visitados=15,300 | arquivos encontrados=636,249 | assessments lidos=2,239
[2026-09-18 15:36:22] Fase 1/4 | diretórios visitados=15,400 | arquivos encontrados=639,290 | assessments lidos=2,239
[2026-09-18 15:36:22] Fase 1/4 | diretórios visitados=15,500 | arquivos encontrados=642,302 | assessments lidos=2,239
[2026-09-18 15:36:23] Fase 1/4 | diretórios visitados=15,600 | arquivos encontrados=646,125 | assessments lidos=2,239
[2026-09-18 15:36:24] Fase 1/4 | diretórios visitados=15,700 | arquivos encontrados=651,775 | assessments lidos=2,239
[2026-09-18 15:36:25] Fase 1/4 | diretórios visitados=15,800 | arquivos encontrados=656,867 | assessments lidos=2,239
[2026-09-18 15:36:27] Fase 1/4 | diretórios visitados=15,900 | arquivos encontrados=662,563 | assessments lidos=2,239
[2026-09-18 15:36:28] Fase 1/4 | diretórios visitados=16,000 | arquivos encontrados=668,801 | assessments lidos=2,239
[2026-09-18 15:36:30] Fase 1/4 | diretórios visitados=16,100 | arquivos encontrados=676,162 | assessments lidos=2,239
[2026-09-18 15:36:31] Fase 1/4 | diretórios visitados=16,200 | arquivos encontrados=682,822 | assessments lidos=2,239
[2026-09-18 15:36:32] Fase 1/4 | diretórios visitados=16,300 | arquivos encontrados=690,855 | assessments lidos=2,239
[2026-09-18 15:36:33] Fase 1/4 | diretórios visitados=16,400 | arquivos encontrados=696,345 | assessments lidos=2,239
[2026-09-18 15:36:35] Fase 1/4 | diretórios visitados=16,500 | arquivos encontrados=704,235 | assessments lidos=2,239
[2026-09-18 15:36:37] Fase 1/4 | diretórios visitados=16,600 | arquivos encontrados=713,483 | assessments lidos=2,239
[2026-09-18 15:36:38] Fase 1/4 | diretórios visitados=16,700 | arquivos encontrados=720,036 | assessments lidos=2,239
[2026-09-18 15:36:39] Fase 1/4 | diretórios visitados=16,800 | arquivos encontrados=724,424 | assessments lidos=2,239
[2026-09-18 15:36:41] Fase 1/4 | diretórios visitados=16,900 | arquivos encontrados=733,249 | assessments lidos=2,239
[2026-09-18 15:36:42] Fase 1/4 | diretórios visitados=17,000 | arquivos encontrados=739,571 | assessments lidos=2,239
[2026-09-18 15:36:43] Fase 1/4 | diretórios visitados=17,100 | arquivos encontrados=745,850 | assessments lidos=2,239
[2026-09-18 15:36:44] Fase 1/4 | diretórios visitados=17,200 | arquivos encontrados=752,386 | assessments lidos=2,239
[2026-09-18 15:36:46] Fase 1/4 | diretórios visitados=17,300 | arquivos encontrados=759,399 | assessments lidos=2,239
[2026-09-18 15:36:47] Fase 1/4 | diretórios visitados=17,400 | arquivos encontrados=765,696 | assessments lidos=2,239
[2026-09-18 15:36:48] Fase 1/4 | diretórios visitados=17,500 | arquivos encontrados=771,945 | assessments lidos=2,239
[2026-09-18 15:36:49] Fase 1/4 | diretórios visitados=17,600 | arquivos encontrados=777,015 | assessments lidos=2,239
[2026-09-18 15:36:50] Fase 1/4 | diretórios visitados=17,700 | arquivos encontrados=781,421 | assessments lidos=2,239
[2026-09-18 15:36:52] Fase 1/4 | diretórios visitados=17,800 | arquivos encontrados=787,114 | assessments lidos=2,239
[2026-09-18 15:36:54] Fase 1/4 | diretórios visitados=17,900 | arquivos encontrados=794,460 | assessments lidos=2,239
[2026-09-18 15:36:56] Fase 1/4 | diretórios visitados=18,000 | arquivos encontrados=802,408 | assessments lidos=2,239
[2026-09-18 15:36:58] Fase 1/4 | diretórios visitados=18,100 | arquivos encontrados=810,506 | assessments lidos=2,239
[2026-09-18 15:37:01] Fase 1/4 | diretórios visitados=18,200 | arquivos encontrados=816,918 | assessments lidos=2,239
[2026-09-18 15:37:02] Fase 1/4 | diretórios visitados=18,300 | arquivos encontrados=823,128 | assessments lidos=2,239
[2026-09-18 15:37:04] Fase 1/4 | diretórios visitados=18,400 | arquivos encontrados=829,069 | assessments lidos=2,239
[2026-09-18 15:37:06] Fase 1/4 | diretórios visitados=18,500 | arquivos encontrados=838,594 | assessments lidos=2,239
[2026-09-18 15:37:07] Fase 1/4 | diretórios visitados=18,600 | arquivos encontrados=842,484 | assessments lidos=2,239
[2026-09-18 15:37:08] Fase 1/4 | diretórios visitados=18,700 | arquivos encontrados=849,535 | assessments lidos=2,239
[2026-09-18 15:37:10] Fase 1/4 | diretórios visitados=18,800 | arquivos encontrados=857,797 | assessments lidos=2,239
[2026-09-18 15:37:11] Fase 1/4 | diretórios visitados=18,900 | arquivos encontrados=863,486 | assessments lidos=2,239
[2026-09-18 15:37:12] Fase 1/4 | diretórios visitados=19,000 | arquivos encontrados=869,526 | assessments lidos=2,239
[2026-09-18 15:37:13] Fase 1/4 | diretórios visitados=19,100 | arquivos encontrados=876,375 | assessments lidos=2,239
[2026-09-18 15:37:14] Fase 1/4 | diretórios visitados=19,200 | arquivos encontrados=880,621 | assessments lidos=2,239
[2026-09-18 15:37:14] Fase 1/4 | diretórios visitados=19,300 | arquivos encontrados=880,921 | assessments lidos=2,239
[2026-09-18 15:37:14] Fase 1/4 | diretórios visitados=19,400 | arquivos encontrados=881,221 | assessments lidos=2,239
[2026-09-18 15:37:14] Fase 1/4 | diretórios visitados=19,500 | arquivos encontrados=881,521 | assessments lidos=2,239
[2026-09-18 15:37:15] Fase 1/4 | diretórios visitados=19,600 | arquivos encontrados=881,821 | assessments lidos=2,239
[2026-09-18 15:37:15] Fase 1/4 | diretórios visitados=19,700 | arquivos encontrados=882,121 | assessments lidos=2,239
[2026-09-18 15:37:15] Fase 1/4 | diretórios visitados=19,800 | arquivos encontrados=882,421 | assessments lidos=2,239
[2026-09-18 15:37:15] Fase 1/4 | diretórios visitados=19,900 | arquivos encontrados=882,721 | assessments lidos=2,239
[2026-09-18 15:37:16] Fase 1/4 | diretórios visitados=20,000 | arquivos encontrados=887,013 | assessments lidos=2,239
[2026-09-18 15:37:18] Fase 1/4 | diretórios visitados=20,100 | arquivos encontrados=894,720 | assessments lidos=2,239
[2026-09-18 15:37:19] Fase 1/4 | diretórios visitados=20,200 | arquivos encontrados=899,497 | assessments lidos=2,239
[2026-09-18 15:37:21] Fase 1/4 | diretórios visitados=20,300 | arquivos encontrados=905,753 | assessments lidos=2,239
[2026-09-18 15:37:22] Fase 1/4 | diretórios visitados=20,400 | arquivos encontrados=911,936 | assessments lidos=2,239
[2026-09-18 15:37:24] Fase 1/4 | diretórios visitados=20,500 | arquivos encontrados=918,615 | assessments lidos=2,239
[2026-09-18 15:37:25] Fase 1/4 | diretórios visitados=20,600 | arquivos encontrados=923,504 | assessments lidos=2,239
[2026-09-18 15:37:27] Fase 1/4 | diretórios visitados=20,700 | arquivos encontrados=933,262 | assessments lidos=2,239
[2026-09-18 15:37:30] Fase 1/4 | diretórios visitados=20,800 | arquivos encontrados=942,796 | assessments lidos=2,239
[2026-09-18 15:37:32] Fase 1/4 | diretórios visitados=20,900 | arquivos encontrados=950,978 | assessments lidos=2,239
[2026-09-18 15:37:35] Fase 1/4 | diretórios visitados=21,000 | arquivos encontrados=960,361 | assessments lidos=2,239
[2026-09-18 15:37:37] Fase 1/4 | diretórios visitados=21,100 | arquivos encontrados=969,756 | assessments lidos=2,239
[2026-09-18 15:37:39] Fase 1/4 | diretórios visitados=21,200 | arquivos encontrados=977,706 | assessments lidos=2,239
[2026-09-18 15:37:41] Fase 1/4 | diretórios visitados=21,300 | arquivos encontrados=985,683 | assessments lidos=2,239
[2026-09-18 15:37:42] Fase 1/4 | diretórios visitados=21,400 | arquivos encontrados=993,303 | assessments lidos=2,239
[2026-09-18 15:37:44] Fase 1/4 | diretórios visitados=21,500 | arquivos encontrados=1,000,576 | assessments lidos=2,239
[2026-09-18 15:37:46] Fase 1/4 | diretórios visitados=21,600 | arquivos encontrados=1,008,431 | assessments lidos=2,239
[2026-09-18 15:37:47] Fase 1/4 | diretórios visitados=21,700 | arquivos encontrados=1,013,183 | assessments lidos=2,239
[2026-09-18 15:37:48] Fase 1/4 | diretórios visitados=21,800 | arquivos encontrados=1,020,958 | assessments lidos=2,239
[2026-09-18 15:37:51] Fase 1/4 | diretórios visitados=21,900 | arquivos encontrados=1,030,216 | assessments lidos=2,239
[2026-09-18 15:37:53] Fase 1/4 | diretórios visitados=22,000 | arquivos encontrados=1,039,911 | assessments lidos=2,239
[2026-09-18 15:37:54] Fase 1/4 | diretórios visitados=22,100 | arquivos encontrados=1,044,778 | assessments lidos=2,239
[2026-09-18 15:37:56] Fase 1/4 | diretórios visitados=22,200 | arquivos encontrados=1,055,564 | assessments lidos=2,239
[2026-09-18 15:37:57] Fase 1/4 | diretórios visitados=22,300 | arquivos encontrados=1,062,179 | assessments lidos=2,239
[2026-09-18 15:37:59] Fase 1/4 | diretórios visitados=22,400 | arquivos encontrados=1,072,619 | assessments lidos=2,239
[2026-09-18 15:38:01] Fase 1/4 | diretórios visitados=22,500 | arquivos encontrados=1,082,861 | assessments lidos=2,239
[2026-09-18 15:38:03] Fase 1/4 | diretórios visitados=22,600 | arquivos encontrados=1,090,811 | assessments lidos=2,239
[2026-09-18 15:38:05] Fase 1/4 | diretórios visitados=22,700 | arquivos encontrados=1,097,315 | assessments lidos=2,239
[2026-09-18 15:38:07] Fase 1/4 | diretórios visitados=22,800 | arquivos encontrados=1,106,797 | assessments lidos=2,239
[2026-09-18 15:38:09] Fase 1/4 | diretórios visitados=22,900 | arquivos encontrados=1,114,951 | assessments lidos=2,239
[2026-09-18 15:38:09] Fase 1/4 concluída — assessments=611; candidatos=350,477
[2026-09-18 15:38:09] Fase 2/4 iniciada — validação paralela dos execution logs
[2026-09-18 15:38:10] Fase 2/4 | logs verificados=1/39,957 | logs válidos=0
[2026-09-18 15:38:10] Fase 2/4 | logs verificados=100/39,957 | logs válidos=88
[2026-09-18 15:38:10] Fase 2/4 | logs verificados=200/39,957 | logs válidos=165
[2026-09-18 15:38:10] Fase 2/4 | logs verificados=300/39,957 | logs válidos=247
[2026-09-18 15:38:10] Fase 2/4 | logs verificados=400/39,957 | logs válidos=322
[2026-09-18 15:38:10] Fase 2/4 | logs verificados=500/39,957 | logs válidos=397
[2026-09-18 15:38:10] Fase 2/4 | logs verificados=600/39,957 | logs válidos=451
[2026-09-18 15:38:10] Fase 2/4 | logs verificados=700/39,957 | logs válidos=515
[2026-09-18 15:38:10] Fase 2/4 | logs verificados=800/39,957 | logs válidos=583
[2026-09-18 15:38:10] Fase 2/4 | logs verificados=900/39,957 | logs válidos=649
[2026-09-18 15:38:10] Fase 2/4 | logs verificados=1,000/39,957 | logs válidos=726
[2026-09-18 15:38:10] Fase 2/4 | logs verificados=1,100/39,957 | logs válidos=811
[2026-09-18 15:38:10] Fase 2/4 | logs verificados=1,200/39,957 | logs válidos=902
[2026-09-18 15:38:10] Fase 2/4 | logs verificados=1,300/39,957 | logs válidos=977
[2026-09-18 15:38:10] Fase 2/4 | logs verificados=1,400/39,957 | logs válidos=1,065
[2026-09-18 15:38:11] Fase 2/4 | logs verificados=1,500/39,957 | logs válidos=1,135
[2026-09-18 15:38:11] Fase 2/4 | logs verificados=1,600/39,957 | logs válidos=1,218
[2026-09-18 15:38:11] Fase 2/4 | logs verificados=1,700/39,957 | logs válidos=1,300
[2026-09-18 15:38:11] Fase 2/4 | logs verificados=1,800/39,957 | logs válidos=1,378
[2026-09-18 15:38:11] Fase 2/4 | logs verificados=1,900/39,957 | logs válidos=1,455
[2026-09-18 15:38:11] Fase 2/4 | logs verificados=2,000/39,957 | logs válidos=1,533
[2026-09-18 15:38:11] Fase 2/4 | logs verificados=2,100/39,957 | logs válidos=1,608
[2026-09-18 15:38:11] Fase 2/4 | logs verificados=2,200/39,957 | logs válidos=1,685
[2026-09-18 15:38:11] Fase 2/4 | logs verificados=2,300/39,957 | logs válidos=1,748
[2026-09-18 15:38:11] Fase 2/4 | logs verificados=2,400/39,957 | logs válidos=1,822
[2026-09-18 15:38:11] Fase 2/4 | logs verificados=2,500/39,957 | logs válidos=1,901
[2026-09-18 15:38:11] Fase 2/4 | logs verificados=2,600/39,957 | logs válidos=1,976
[2026-09-18 15:38:11] Fase 2/4 | logs verificados=2,700/39,957 | logs válidos=2,033
[2026-09-18 15:38:11] Fase 2/4 | logs verificados=2,800/39,957 | logs válidos=2,110
[2026-09-18 15:38:11] Fase 2/4 | logs verificados=2,900/39,957 | logs válidos=2,173
[2026-09-18 15:38:11] Fase 2/4 | logs verificados=3,000/39,957 | logs válidos=2,239
[2026-09-18 15:38:11] Fase 2/4 | logs verificados=3,100/39,957 | logs válidos=2,326
[2026-09-18 15:38:12] Fase 2/4 | logs verificados=3,200/39,957 | logs válidos=2,401
[2026-09-18 15:38:12] Fase 2/4 | logs verificados=3,300/39,957 | logs válidos=2,470
[2026-09-18 15:38:12] Fase 2/4 | logs verificados=3,400/39,957 | logs válidos=2,531
[2026-09-18 15:38:12] Fase 2/4 | logs verificados=3,500/39,957 | logs válidos=2,593
[2026-09-18 15:38:12] Fase 2/4 | logs verificados=3,600/39,957 | logs válidos=2,650
[2026-09-18 15:38:12] Fase 2/4 | logs verificados=3,700/39,957 | logs válidos=2,714
[2026-09-18 15:38:12] Fase 2/4 | logs verificados=3,800/39,957 | logs válidos=2,781
[2026-09-18 15:38:12] Fase 2/4 | logs verificados=3,900/39,957 | logs válidos=2,845
[2026-09-18 15:38:12] Fase 2/4 | logs verificados=4,000/39,957 | logs válidos=2,930
[2026-09-18 15:38:12] Fase 2/4 | logs verificados=4,100/39,957 | logs válidos=2,967
[2026-09-18 15:38:12] Fase 2/4 | logs verificados=4,200/39,957 | logs válidos=3,035
[2026-09-18 15:38:12] Fase 2/4 | logs verificados=4,300/39,957 | logs válidos=3,101
[2026-09-18 15:38:12] Fase 2/4 | logs verificados=4,400/39,957 | logs válidos=3,173
[2026-09-18 15:38:12] Fase 2/4 | logs verificados=4,500/39,957 | logs válidos=3,250
[2026-09-18 15:38:12] Fase 2/4 | logs verificados=4,600/39,957 | logs válidos=3,327
[2026-09-18 15:38:12] Fase 2/4 | logs verificados=4,700/39,957 | logs válidos=3,402
[2026-09-18 15:38:12] Fase 2/4 | logs verificados=4,800/39,957 | logs válidos=3,469
[2026-09-18 15:38:12] Fase 2/4 | logs verificados=4,900/39,957 | logs válidos=3,550
[2026-09-18 15:38:12] Fase 2/4 | logs verificados=5,000/39,957 | logs válidos=3,620
[2026-09-18 15:38:13] Fase 2/4 | logs verificados=5,100/39,957 | logs válidos=3,680
[2026-09-18 15:38:13] Fase 2/4 | logs verificados=5,200/39,957 | logs válidos=3,747
[2026-09-18 15:38:13] Fase 2/4 | logs verificados=5,300/39,957 | logs válidos=3,820
[2026-09-18 15:38:13] Fase 2/4 | logs verificados=5,400/39,957 | logs válidos=3,894
[2026-09-18 15:38:13] Fase 2/4 | logs verificados=5,500/39,957 | logs válidos=3,958
[2026-09-18 15:38:13] Fase 2/4 | logs verificados=5,600/39,957 | logs válidos=4,025
[2026-09-18 15:38:13] Fase 2/4 | logs verificados=5,700/39,957 | logs válidos=4,102
[2026-09-18 15:38:13] Fase 2/4 | logs verificados=5,800/39,957 | logs válidos=4,183
[2026-09-18 15:38:13] Fase 2/4 | logs verificados=5,900/39,957 | logs válidos=4,254
[2026-09-18 15:38:13] Fase 2/4 | logs verificados=6,000/39,957 | logs válidos=4,315
[2026-09-18 15:38:13] Fase 2/4 | logs verificados=6,100/39,957 | logs válidos=4,380
[2026-09-18 15:38:13] Fase 2/4 | logs verificados=6,200/39,957 | logs válidos=4,458
[2026-09-18 15:38:13] Fase 2/4 | logs verificados=6,300/39,957 | logs válidos=4,524
[2026-09-18 15:38:13] Fase 2/4 | logs verificados=6,400/39,957 | logs válidos=4,605
[2026-09-18 15:38:13] Fase 2/4 | logs verificados=6,500/39,957 | logs válidos=4,691
[2026-09-18 15:38:13] Fase 2/4 | logs verificados=6,600/39,957 | logs válidos=4,765
[2026-09-18 15:38:13] Fase 2/4 | logs verificados=6,700/39,957 | logs válidos=4,859
[2026-09-18 15:38:13] Fase 2/4 | logs verificados=6,800/39,957 | logs válidos=4,947
[2026-09-18 15:38:13] Fase 2/4 | logs verificados=6,900/39,957 | logs válidos=5,034
[2026-09-18 15:38:13] Fase 2/4 | logs verificados=7,000/39,957 | logs válidos=5,109
[2026-09-18 15:38:13] Fase 2/4 | logs verificados=7,100/39,957 | logs válidos=5,183
[2026-09-18 15:38:13] Fase 2/4 | logs verificados=7,200/39,957 | logs válidos=5,263
[2026-09-18 15:38:13] Fase 2/4 | logs verificados=7,300/39,957 | logs válidos=5,334
[2026-09-18 15:38:13] Fase 2/4 | logs verificados=7,400/39,957 | logs válidos=5,410
[2026-09-18 15:38:13] Fase 2/4 | logs verificados=7,500/39,957 | logs válidos=5,492
[2026-09-18 15:38:13] Fase 2/4 | logs verificados=7,600/39,957 | logs válidos=5,551
[2026-09-18 15:38:13] Fase 2/4 | logs verificados=7,700/39,957 | logs válidos=5,630
[2026-09-18 15:38:14] Fase 2/4 | logs verificados=7,800/39,957 | logs válidos=5,719
[2026-09-18 15:38:14] Fase 2/4 | logs verificados=7,900/39,957 | logs válidos=5,797
[2026-09-18 15:38:14] Fase 2/4 | logs verificados=8,000/39,957 | logs válidos=5,879
[2026-09-18 15:38:14] Fase 2/4 | logs verificados=8,100/39,957 | logs válidos=5,955
[2026-09-18 15:38:14] Fase 2/4 | logs verificados=8,200/39,957 | logs válidos=6,030
[2026-09-18 15:38:14] Fase 2/4 | logs verificados=8,300/39,957 | logs válidos=6,084
[2026-09-18 15:38:14] Fase 2/4 | logs verificados=8,400/39,957 | logs válidos=6,165
[2026-09-18 15:38:14] Fase 2/4 | logs verificados=8,500/39,957 | logs válidos=6,247
[2026-09-18 15:38:14] Fase 2/4 | logs verificados=8,600/39,957 | logs válidos=6,314
[2026-09-18 15:38:14] Fase 2/4 | logs verificados=8,700/39,957 | logs válidos=6,375
[2026-09-18 15:38:14] Fase 2/4 | logs verificados=8,800/39,957 | logs válidos=6,446
[2026-09-18 15:38:14] Fase 2/4 | logs verificados=8,900/39,957 | logs válidos=6,523
[2026-09-18 15:38:14] Fase 2/4 | logs verificados=9,000/39,957 | logs válidos=6,595
[2026-09-18 15:38:14] Fase 2/4 | logs verificados=9,100/39,957 | logs válidos=6,670
[2026-09-18 15:38:14] Fase 2/4 | logs verificados=9,200/39,957 | logs válidos=6,736
[2026-09-18 15:38:14] Fase 2/4 | logs verificados=9,300/39,957 | logs válidos=6,804
[2026-09-18 15:38:14] Fase 2/4 | logs verificados=9,400/39,957 | logs válidos=6,879
[2026-09-18 15:38:14] Fase 2/4 | logs verificados=9,500/39,957 | logs válidos=6,966
[2026-09-18 15:38:14] Fase 2/4 | logs verificados=9,600/39,957 | logs válidos=7,048
[2026-09-18 15:38:14] Fase 2/4 | logs verificados=9,700/39,957 | logs válidos=7,125
[2026-09-18 15:38:14] Fase 2/4 | logs verificados=9,800/39,957 | logs válidos=7,206
[2026-09-18 15:38:14] Fase 2/4 | logs verificados=9,900/39,957 | logs válidos=7,293
[2026-09-18 15:38:14] Fase 2/4 | logs verificados=10,000/39,957 | logs válidos=7,352
[2026-09-18 15:38:14] Fase 2/4 | logs verificados=10,100/39,957 | logs válidos=7,415
[2026-09-18 15:38:14] Fase 2/4 | logs verificados=10,200/39,957 | logs válidos=7,474
[2026-09-18 15:38:14] Fase 2/4 | logs verificados=10,300/39,957 | logs válidos=7,555
[2026-09-18 15:38:14] Fase 2/4 | logs verificados=10,400/39,957 | logs válidos=7,642
[2026-09-18 15:38:14] Fase 2/4 | logs verificados=10,500/39,957 | logs válidos=7,723
[2026-09-18 15:38:14] Fase 2/4 | logs verificados=10,600/39,957 | logs válidos=7,795
[2026-09-18 15:38:15] Fase 2/4 | logs verificados=10,700/39,957 | logs válidos=7,866
[2026-09-18 15:38:15] Fase 2/4 | logs verificados=10,800/39,957 | logs válidos=7,946
[2026-09-18 15:38:15] Fase 2/4 | logs verificados=10,900/39,957 | logs válidos=8,029
[2026-09-18 15:38:15] Fase 2/4 | logs verificados=11,000/39,957 | logs válidos=8,112
[2026-09-18 15:38:15] Fase 2/4 | logs verificados=11,100/39,957 | logs válidos=8,201
[2026-09-18 15:38:15] Fase 2/4 | logs verificados=11,200/39,957 | logs válidos=8,286
[2026-09-18 15:38:15] Fase 2/4 | logs verificados=11,300/39,957 | logs válidos=8,357
[2026-09-18 15:38:15] Fase 2/4 | logs verificados=11,400/39,957 | logs válidos=8,425
[2026-09-18 15:38:15] Fase 2/4 | logs verificados=11,500/39,957 | logs válidos=8,506
[2026-09-18 15:38:15] Fase 2/4 | logs verificados=11,600/39,957 | logs válidos=8,573
[2026-09-18 15:38:15] Fase 2/4 | logs verificados=11,700/39,957 | logs válidos=8,647
[2026-09-18 15:38:15] Fase 2/4 | logs verificados=11,800/39,957 | logs válidos=8,736
[2026-09-18 15:38:15] Fase 2/4 | logs verificados=11,900/39,957 | logs válidos=8,807
[2026-09-18 15:38:15] Fase 2/4 | logs verificados=12,000/39,957 | logs válidos=8,886
[2026-09-18 15:38:15] Fase 2/4 | logs verificados=12,100/39,957 | logs válidos=8,954
[2026-09-18 15:38:15] Fase 2/4 | logs verificados=12,200/39,957 | logs válidos=9,026
[2026-09-18 15:38:15] Fase 2/4 | logs verificados=12,300/39,957 | logs válidos=9,104
[2026-09-18 15:38:15] Fase 2/4 | logs verificados=12,400/39,957 | logs válidos=9,189
[2026-09-18 15:38:15] Fase 2/4 | logs verificados=12,500/39,957 | logs válidos=9,276
[2026-09-18 15:38:15] Fase 2/4 | logs verificados=12,600/39,957 | logs válidos=9,361
[2026-09-18 15:38:15] Fase 2/4 | logs verificados=12,700/39,957 | logs válidos=9,431
[2026-09-18 15:38:15] Fase 2/4 | logs verificados=12,800/39,957 | logs válidos=9,498
[2026-09-18 15:38:15] Fase 2/4 | logs verificados=12,900/39,957 | logs válidos=9,565
[2026-09-18 15:38:15] Fase 2/4 | logs verificados=13,000/39,957 | logs válidos=9,623
[2026-09-18 15:38:15] Fase 2/4 | logs verificados=13,100/39,957 | logs válidos=9,692
[2026-09-18 15:38:15] Fase 2/4 | logs verificados=13,200/39,957 | logs válidos=9,766
[2026-09-18 15:38:15] Fase 2/4 | logs verificados=13,300/39,957 | logs válidos=9,819
[2026-09-18 15:38:16] Fase 2/4 | logs verificados=13,400/39,957 | logs válidos=9,890
[2026-09-18 15:38:16] Fase 2/4 | logs verificados=13,500/39,957 | logs válidos=9,977
[2026-09-18 15:38:16] Fase 2/4 | logs verificados=13,600/39,957 | logs válidos=10,072
[2026-09-18 15:38:16] Fase 2/4 | logs verificados=13,700/39,957 | logs válidos=10,156
[2026-09-18 15:38:16] Fase 2/4 | logs verificados=13,800/39,957 | logs válidos=10,241
[2026-09-18 15:38:16] Fase 2/4 | logs verificados=13,900/39,957 | logs válidos=10,313
[2026-09-18 15:38:16] Fase 2/4 | logs verificados=14,000/39,957 | logs válidos=10,396
[2026-09-18 15:38:16] Fase 2/4 | logs verificados=14,100/39,957 | logs válidos=10,478
[2026-09-18 15:38:16] Fase 2/4 | logs verificados=14,200/39,957 | logs válidos=10,561
[2026-09-18 15:38:16] Fase 2/4 | logs verificados=14,300/39,957 | logs válidos=10,648
[2026-09-18 15:38:16] Fase 2/4 | logs verificados=14,400/39,957 | logs válidos=10,734
[2026-09-18 15:38:16] Fase 2/4 | logs verificados=14,500/39,957 | logs válidos=10,822
[2026-09-18 15:38:16] Fase 2/4 | logs verificados=14,600/39,957 | logs válidos=10,908
[2026-09-18 15:38:16] Fase 2/4 | logs verificados=14,700/39,957 | logs válidos=10,982
[2026-09-18 15:38:16] Fase 2/4 | logs verificados=14,800/39,957 | logs válidos=11,054
[2026-09-18 15:38:16] Fase 2/4 | logs verificados=14,900/39,957 | logs válidos=11,149
[2026-09-18 15:38:16] Fase 2/4 | logs verificados=15,000/39,957 | logs válidos=11,234
[2026-09-18 15:38:16] Fase 2/4 | logs verificados=15,100/39,957 | logs válidos=11,322
[2026-09-18 15:38:16] Fase 2/4 | logs verificados=15,200/39,957 | logs válidos=11,415
[2026-09-18 15:38:16] Fase 2/4 | logs verificados=15,300/39,957 | logs válidos=11,492
[2026-09-18 15:38:16] Fase 2/4 | logs verificados=15,400/39,957 | logs válidos=11,567
[2026-09-18 15:38:16] Fase 2/4 | logs verificados=15,500/39,957 | logs válidos=11,649
[2026-09-18 15:38:16] Fase 2/4 | logs verificados=15,600/39,957 | logs válidos=11,699
[2026-09-18 15:38:16] Fase 2/4 | logs verificados=15,700/39,957 | logs válidos=11,760
[2026-09-18 15:38:16] Fase 2/4 | logs verificados=15,800/39,957 | logs válidos=11,838
[2026-09-18 15:38:16] Fase 2/4 | logs verificados=15,900/39,957 | logs válidos=11,908
[2026-09-18 15:38:16] Fase 2/4 | logs verificados=16,000/39,957 | logs válidos=11,987
[2026-09-18 15:38:16] Fase 2/4 | logs verificados=16,100/39,957 | logs válidos=12,065
[2026-09-18 15:38:17] Fase 2/4 | logs verificados=16,200/39,957 | logs válidos=12,145
[2026-09-18 15:38:17] Fase 2/4 | logs verificados=16,300/39,957 | logs válidos=12,220
[2026-09-18 15:38:17] Fase 2/4 | logs verificados=16,400/39,957 | logs válidos=12,279
[2026-09-18 15:38:17] Fase 2/4 | logs verificados=16,500/39,957 | logs válidos=12,334
[2026-09-18 15:38:17] Fase 2/4 | logs verificados=16,600/39,957 | logs válidos=12,375
[2026-09-18 15:38:17] Fase 2/4 | logs verificados=16,700/39,957 | logs válidos=12,458
[2026-09-18 15:38:17] Fase 2/4 | logs verificados=16,800/39,957 | logs válidos=12,525
[2026-09-18 15:38:17] Fase 2/4 | logs verificados=16,900/39,957 | logs válidos=12,584
[2026-09-18 15:38:17] Fase 2/4 | logs verificados=17,000/39,957 | logs válidos=12,641
[2026-09-18 15:38:17] Fase 2/4 | logs verificados=17,100/39,957 | logs válidos=12,700
[2026-09-18 15:38:18] Fase 2/4 | logs verificados=17,200/39,957 | logs válidos=12,769
[2026-09-18 15:38:19] Fase 2/4 | logs verificados=17,300/39,957 | logs válidos=12,857
[2026-09-18 15:38:20] Fase 2/4 | logs verificados=17,400/39,957 | logs válidos=12,931
[2026-09-18 15:38:21] Fase 2/4 | logs verificados=17,500/39,957 | logs válidos=13,009
[2026-09-18 15:38:21] Fase 2/4 | logs verificados=17,600/39,957 | logs válidos=13,064
[2026-09-18 15:38:21] Fase 2/4 | logs verificados=17,700/39,957 | logs válidos=13,145
[2026-09-18 15:38:21] Fase 2/4 | logs verificados=17,800/39,957 | logs válidos=13,217
[2026-09-18 15:38:21] Fase 2/4 | logs verificados=17,900/39,957 | logs válidos=13,278
[2026-09-18 15:38:21] Fase 2/4 | logs verificados=18,000/39,957 | logs válidos=13,334
[2026-09-18 15:38:21] Fase 2/4 | logs verificados=18,100/39,957 | logs válidos=13,399
[2026-09-18 15:38:21] Fase 2/4 | logs verificados=18,200/39,957 | logs válidos=13,462
[2026-09-18 15:38:22] Fase 2/4 | logs verificados=18,300/39,957 | logs válidos=13,515
[2026-09-18 15:38:23] Fase 2/4 | logs verificados=18,400/39,957 | logs válidos=13,576
[2026-09-18 15:38:23] Fase 2/4 | logs verificados=18,500/39,957 | logs válidos=13,633
[2026-09-18 15:38:24] Fase 2/4 | logs verificados=18,600/39,957 | logs válidos=13,689
[2026-09-18 15:38:25] Fase 2/4 | logs verificados=18,700/39,957 | logs válidos=13,752
[2026-09-18 15:38:28] Fase 2/4 | logs verificados=18,800/39,957 | logs válidos=13,837
[2026-09-18 15:38:29] Fase 2/4 | logs verificados=18,900/39,957 | logs válidos=13,914
[2026-09-18 15:38:31] Fase 2/4 | logs verificados=19,000/39,957 | logs válidos=13,997
[2026-09-18 15:38:34] Fase 2/4 | logs verificados=19,100/39,957 | logs válidos=14,084
[2026-09-18 15:38:35] Fase 2/4 | logs verificados=19,200/39,957 | logs válidos=14,157
[2026-09-18 15:38:36] Fase 2/4 | logs verificados=19,300/39,957 | logs válidos=14,217
[2026-09-18 15:38:37] Fase 2/4 | logs verificados=19,400/39,957 | logs válidos=14,293
[2026-09-18 15:38:38] Fase 2/4 | logs verificados=19,500/39,957 | logs válidos=14,353
[2026-09-18 15:38:39] Fase 2/4 | logs verificados=19,600/39,957 | logs válidos=14,430
[2026-09-18 15:38:40] Fase 2/4 | logs verificados=19,700/39,957 | logs válidos=14,502
[2026-09-18 15:38:41] Fase 2/4 | logs verificados=19,800/39,957 | logs válidos=14,592
[2026-09-18 15:38:43] Fase 2/4 | logs verificados=19,900/39,957 | logs válidos=14,678
[2026-09-18 15:38:44] Fase 2/4 | logs verificados=20,000/39,957 | logs válidos=14,759
[2026-09-18 15:38:45] Fase 2/4 | logs verificados=20,100/39,957 | logs válidos=14,837
[2026-09-18 15:38:46] Fase 2/4 | logs verificados=20,200/39,957 | logs válidos=14,930
[2026-09-18 15:38:47] Fase 2/4 | logs verificados=20,300/39,957 | logs válidos=14,991
[2026-09-18 15:38:48] Fase 2/4 | logs verificados=20,400/39,957 | logs válidos=15,086
[2026-09-18 15:38:49] Fase 2/4 | logs verificados=20,500/39,957 | logs válidos=15,165
[2026-09-18 15:38:50] Fase 2/4 | logs verificados=20,600/39,957 | logs válidos=15,224
[2026-09-18 15:38:51] Fase 2/4 | logs verificados=20,700/39,957 | logs válidos=15,276
[2026-09-18 15:38:52] Fase 2/4 | logs verificados=20,800/39,957 | logs válidos=15,327
[2026-09-18 15:38:54] Fase 2/4 | logs verificados=20,900/39,957 | logs válidos=15,388
[2026-09-18 15:38:57] Fase 2/4 | logs verificados=21,000/39,957 | logs válidos=15,452
[2026-09-18 15:38:59] Fase 2/4 | logs verificados=21,100/39,957 | logs válidos=15,535
[2026-09-18 15:39:01] Fase 2/4 | logs verificados=21,200/39,957 | logs válidos=15,630
[2026-09-18 15:39:03] Fase 2/4 | logs verificados=21,300/39,957 | logs válidos=15,722
[2026-09-18 15:39:06] Fase 2/4 | logs verificados=21,400/39,957 | logs válidos=15,819
[2026-09-18 15:39:08] Fase 2/4 | logs verificados=21,500/39,957 | logs válidos=15,907
[2026-09-18 15:39:11] Fase 2/4 | logs verificados=21,600/39,957 | logs válidos=15,988
[2026-09-18 15:39:12] Fase 2/4 | logs verificados=21,700/39,957 | logs válidos=16,069
[2026-09-18 15:39:13] Fase 2/4 | logs verificados=21,800/39,957 | logs válidos=16,161
[2026-09-18 15:39:14] Fase 2/4 | logs verificados=21,900/39,957 | logs válidos=16,256
[2026-09-18 15:39:15] Fase 2/4 | logs verificados=22,000/39,957 | logs válidos=16,330
[2026-09-18 15:39:15] Fase 2/4 | logs verificados=22,100/39,957 | logs válidos=16,407
[2026-09-18 15:39:16] Fase 2/4 | logs verificados=22,200/39,957 | logs válidos=16,484
[2026-09-18 15:39:17] Fase 2/4 | logs verificados=22,300/39,957 | logs válidos=16,579
[2026-09-18 15:39:18] Fase 2/4 | logs verificados=22,400/39,957 | logs válidos=16,676
[2026-09-18 15:39:18] Fase 2/4 | logs verificados=22,500/39,957 | logs válidos=16,775
[2026-09-18 15:39:19] Fase 2/4 | logs verificados=22,600/39,957 | logs válidos=16,868
[2026-09-18 15:39:20] Fase 2/4 | logs verificados=22,700/39,957 | logs válidos=16,927
[2026-09-18 15:39:21] Fase 2/4 | logs verificados=22,800/39,957 | logs válidos=17,003
[2026-09-18 15:39:22] Fase 2/4 | logs verificados=22,900/39,957 | logs válidos=17,058
[2026-09-18 15:39:23] Fase 2/4 | logs verificados=23,000/39,957 | logs válidos=17,150
[2026-09-18 15:39:23] Fase 2/4 | logs verificados=23,100/39,957 | logs válidos=17,239
[2026-09-18 15:39:25] Fase 2/4 | logs verificados=23,200/39,957 | logs válidos=17,331
[2026-09-18 15:39:27] Fase 2/4 | logs verificados=23,300/39,957 | logs válidos=17,408
[2026-09-18 15:39:29] Fase 2/4 | logs verificados=23,400/39,957 | logs válidos=17,497
[2026-09-18 15:39:30] Fase 2/4 | logs verificados=23,500/39,957 | logs válidos=17,576
[2026-09-18 15:39:31] Fase 2/4 | logs verificados=23,600/39,957 | logs válidos=17,638
[2026-09-18 15:39:32] Fase 2/4 | logs verificados=23,700/39,957 | logs válidos=17,709
[2026-09-18 15:39:33] Fase 2/4 | logs verificados=23,800/39,957 | logs válidos=17,784
[2026-09-18 15:39:33] Fase 2/4 | logs verificados=23,900/39,957 | logs válidos=17,873
[2026-09-18 15:39:34] Fase 2/4 | logs verificados=24,000/39,957 | logs válidos=17,955
[2026-09-18 15:39:35] Fase 2/4 | logs verificados=24,100/39,957 | logs válidos=18,033
[2026-09-18 15:39:36] Fase 2/4 | logs verificados=24,200/39,957 | logs válidos=18,108
[2026-09-18 15:39:36] Fase 2/4 | logs verificados=24,300/39,957 | logs válidos=18,196
[2026-09-18 15:39:37] Fase 2/4 | logs verificados=24,400/39,957 | logs válidos=18,278
[2026-09-18 15:39:38] Fase 2/4 | logs verificados=24,500/39,957 | logs válidos=18,363
[2026-09-18 15:39:39] Fase 2/4 | logs verificados=24,600/39,957 | logs válidos=18,446
[2026-09-18 15:39:41] Fase 2/4 | logs verificados=24,700/39,957 | logs válidos=18,532
[2026-09-18 15:39:43] Fase 2/4 | logs verificados=24,800/39,957 | logs válidos=18,622
[2026-09-18 15:39:46] Fase 2/4 | logs verificados=24,900/39,957 | logs válidos=18,708
[2026-09-18 15:39:48] Fase 2/4 | logs verificados=25,000/39,957 | logs válidos=18,790
[2026-09-18 15:39:48] Fase 2/4 | logs verificados=25,100/39,957 | logs válidos=18,876
[2026-09-18 15:39:49] Fase 2/4 | logs verificados=25,200/39,957 | logs válidos=18,959
[2026-09-18 15:39:50] Fase 2/4 | logs verificados=25,300/39,957 | logs válidos=19,049
[2026-09-18 15:39:51] Fase 2/4 | logs verificados=25,400/39,957 | logs válidos=19,144
[2026-09-18 15:39:52] Fase 2/4 | logs verificados=25,500/39,957 | logs válidos=19,230
[2026-09-18 15:39:53] Fase 2/4 | logs verificados=25,600/39,957 | logs válidos=19,300
[2026-09-18 15:39:53] Fase 2/4 | logs verificados=25,700/39,957 | logs válidos=19,387
[2026-09-18 15:39:54] Fase 2/4 | logs verificados=25,800/39,957 | logs válidos=19,458
[2026-09-18 15:39:55] Fase 2/4 | logs verificados=25,900/39,957 | logs válidos=19,552
[2026-09-18 15:39:56] Fase 2/4 | logs verificados=26,000/39,957 | logs válidos=19,643
[2026-09-18 15:39:56] Fase 2/4 | logs verificados=26,100/39,957 | logs válidos=19,738
[2026-09-18 15:39:57] Fase 2/4 | logs verificados=26,200/39,957 | logs válidos=19,835
[2026-09-18 15:39:58] Fase 2/4 | logs verificados=26,300/39,957 | logs válidos=19,930
[2026-09-18 15:39:59] Fase 2/4 | logs verificados=26,400/39,957 | logs válidos=20,027
[2026-09-18 15:39:59] Fase 2/4 | logs verificados=26,500/39,957 | logs válidos=20,113
[2026-09-18 15:40:00] Fase 2/4 | logs verificados=26,600/39,957 | logs válidos=20,191
[2026-09-18 15:40:00] Fase 2/4 | logs verificados=26,700/39,957 | logs válidos=20,280
[2026-09-18 15:40:01] Fase 2/4 | logs verificados=26,800/39,957 | logs válidos=20,364
[2026-09-18 15:40:02] Fase 2/4 | logs verificados=26,900/39,957 | logs válidos=20,451
[2026-09-18 15:40:04] Fase 2/4 | logs verificados=27,000/39,957 | logs válidos=20,542
[2026-09-18 15:40:07] Fase 2/4 | logs verificados=27,100/39,957 | logs válidos=20,631
[2026-09-18 15:40:08] Fase 2/4 | logs verificados=27,200/39,957 | logs válidos=20,700
[2026-09-18 15:40:09] Fase 2/4 | logs verificados=27,300/39,957 | logs válidos=20,777
[2026-09-18 15:40:10] Fase 2/4 | logs verificados=27,400/39,957 | logs válidos=20,840
[2026-09-18 15:40:11] Fase 2/4 | logs verificados=27,500/39,957 | logs válidos=20,908
[2026-09-18 15:40:12] Fase 2/4 | logs verificados=27,600/39,957 | logs válidos=20,976
[2026-09-18 15:40:14] Fase 2/4 | logs verificados=27,700/39,957 | logs válidos=21,052
[2026-09-18 15:40:17] Fase 2/4 | logs verificados=27,800/39,957 | logs válidos=21,124
[2026-09-18 15:40:19] Fase 2/4 | logs verificados=27,900/39,957 | logs válidos=21,217
[2026-09-18 15:40:19] Fase 2/4 | logs verificados=28,000/39,957 | logs válidos=21,299
[2026-09-18 15:40:20] Fase 2/4 | logs verificados=28,100/39,957 | logs válidos=21,372
[2026-09-18 15:40:22] Fase 2/4 | logs verificados=28,200/39,957 | logs válidos=21,459
[2026-09-18 15:40:24] Fase 2/4 | logs verificados=28,300/39,957 | logs válidos=21,555
[2026-09-18 15:40:28] Fase 2/4 | logs verificados=28,400/39,957 | logs válidos=21,649
[2026-09-18 15:40:29] Fase 2/4 | logs verificados=28,500/39,957 | logs válidos=21,740
[2026-09-18 15:40:29] Fase 2/4 | logs verificados=28,600/39,957 | logs válidos=21,829
[2026-09-18 15:40:30] Fase 2/4 | logs verificados=28,700/39,957 | logs válidos=21,914
[2026-09-18 15:40:31] Fase 2/4 | logs verificados=28,800/39,957 | logs válidos=21,993
[2026-09-18 15:40:33] Fase 2/4 | logs verificados=28,900/39,957 | logs válidos=22,088
[2026-09-18 15:40:35] Fase 2/4 | logs verificados=29,000/39,957 | logs válidos=22,161
[2026-09-18 15:40:38] Fase 2/4 | logs verificados=29,100/39,957 | logs válidos=22,245
[2026-09-18 15:40:43] Fase 2/4 | logs verificados=29,200/39,957 | logs válidos=22,314
[2026-09-18 15:40:43] Fase 2/4 | logs verificados=29,300/39,957 | logs válidos=22,394
[2026-09-18 15:40:46] Fase 2/4 | logs verificados=29,400/39,957 | logs válidos=22,483
[2026-09-18 15:40:48] Fase 2/4 | logs verificados=29,500/39,957 | logs válidos=22,565
[2026-09-18 15:40:50] Fase 2/4 | logs verificados=29,600/39,957 | logs válidos=22,643
[2026-09-18 15:40:55] Fase 2/4 | logs verificados=29,700/39,957 | logs válidos=22,719
[2026-09-18 15:40:56] Fase 2/4 | logs verificados=29,800/39,957 | logs válidos=22,788
[2026-09-18 15:40:56] Fase 2/4 | logs verificados=29,900/39,957 | logs válidos=22,871
[2026-09-18 15:40:59] Fase 2/4 | logs verificados=30,000/39,957 | logs válidos=22,963
[2026-09-18 15:41:01] Fase 2/4 | logs verificados=30,100/39,957 | logs válidos=23,045
[2026-09-18 15:41:03] Fase 2/4 | logs verificados=30,200/39,957 | logs válidos=23,128
[2026-09-18 15:41:06] Fase 2/4 | logs verificados=30,300/39,957 | logs válidos=23,215
[2026-09-18 15:41:07] Fase 2/4 | logs verificados=30,400/39,957 | logs válidos=23,289
[2026-09-18 15:41:07] Fase 2/4 | logs verificados=30,500/39,957 | logs válidos=23,377
[2026-09-18 15:41:08] Fase 2/4 | logs verificados=30,600/39,957 | logs válidos=23,463
[2026-09-18 15:41:09] Fase 2/4 | logs verificados=30,700/39,957 | logs válidos=23,544
[2026-09-18 15:41:10] Fase 2/4 | logs verificados=30,800/39,957 | logs válidos=23,623
[2026-09-18 15:41:10] Fase 2/4 | logs verificados=30,900/39,957 | logs válidos=23,697
[2026-09-18 15:41:11] Fase 2/4 | logs verificados=31,000/39,957 | logs válidos=23,785
[2026-09-18 15:41:12] Fase 2/4 | logs verificados=31,100/39,957 | logs válidos=23,865
[2026-09-18 15:41:13] Fase 2/4 | logs verificados=31,200/39,957 | logs válidos=23,945
[2026-09-18 15:41:13] Fase 2/4 | logs verificados=31,300/39,957 | logs válidos=24,024
[2026-09-18 15:41:14] Fase 2/4 | logs verificados=31,400/39,957 | logs válidos=24,106
[2026-09-18 15:41:15] Fase 2/4 | logs verificados=31,500/39,957 | logs válidos=24,195
[2026-09-18 15:41:16] Fase 2/4 | logs verificados=31,600/39,957 | logs válidos=24,276
[2026-09-18 15:41:16] Fase 2/4 | logs verificados=31,700/39,957 | logs válidos=24,369
[2026-09-18 15:41:17] Fase 2/4 | logs verificados=31,800/39,957 | logs válidos=24,458
[2026-09-18 15:41:18] Fase 2/4 | logs verificados=31,900/39,957 | logs válidos=24,546
[2026-09-18 15:41:19] Fase 2/4 | logs verificados=32,000/39,957 | logs válidos=24,641
[2026-09-18 15:41:19] Fase 2/4 | logs verificados=32,100/39,957 | logs válidos=24,733
[2026-09-18 15:41:20] Fase 2/4 | logs verificados=32,200/39,957 | logs válidos=24,822
[2026-09-18 15:41:22] Fase 2/4 | logs verificados=32,300/39,957 | logs válidos=24,908
[2026-09-18 15:41:22] Fase 2/4 | logs verificados=32,400/39,957 | logs válidos=24,994
[2026-09-18 15:41:23] Fase 2/4 | logs verificados=32,500/39,957 | logs válidos=25,084
[2026-09-18 15:41:24] Fase 2/4 | logs verificados=32,600/39,957 | logs válidos=25,180
[2026-09-18 15:41:25] Fase 2/4 | logs verificados=32,700/39,957 | logs válidos=25,273
[2026-09-18 15:41:26] Fase 2/4 | logs verificados=32,800/39,957 | logs válidos=25,341
[2026-09-18 15:41:26] Fase 2/4 | logs verificados=32,900/39,957 | logs válidos=25,421
[2026-09-18 15:41:27] Fase 2/4 | logs verificados=33,000/39,957 | logs válidos=25,517
[2026-09-18 15:41:27] Fase 2/4 | logs verificados=33,100/39,957 | logs válidos=25,612
[2026-09-18 15:41:29] Fase 2/4 | logs verificados=33,200/39,957 | logs válidos=25,696
[2026-09-18 15:41:30] Fase 2/4 | logs verificados=33,300/39,957 | logs válidos=25,791
[2026-09-18 15:41:31] Fase 2/4 | logs verificados=33,400/39,957 | logs válidos=25,885
[2026-09-18 15:41:31] Fase 2/4 | logs verificados=33,500/39,957 | logs válidos=25,960
[2026-09-18 15:41:32] Fase 2/4 | logs verificados=33,600/39,957 | logs válidos=26,024
[2026-09-18 15:41:32] Fase 2/4 | logs verificados=33,700/39,957 | logs válidos=26,118
[2026-09-18 15:41:33] Fase 2/4 | logs verificados=33,800/39,957 | logs válidos=26,211
[2026-09-18 15:41:34] Fase 2/4 | logs verificados=33,900/39,957 | logs válidos=26,305
[2026-09-18 15:41:35] Fase 2/4 | logs verificados=34,000/39,957 | logs válidos=26,382
[2026-09-18 15:41:36] Fase 2/4 | logs verificados=34,100/39,957 | logs válidos=26,468
[2026-09-18 15:41:36] Fase 2/4 | logs verificados=34,200/39,957 | logs válidos=26,537
[2026-09-18 15:41:37] Fase 2/4 | logs verificados=34,300/39,957 | logs válidos=26,624
[2026-09-18 15:41:38] Fase 2/4 | logs verificados=34,400/39,957 | logs válidos=26,706
[2026-09-18 15:41:38] Fase 2/4 | logs verificados=34,500/39,957 | logs válidos=26,791
[2026-09-18 15:41:40] Fase 2/4 | logs verificados=34,600/39,957 | logs válidos=26,878
[2026-09-18 15:41:41] Fase 2/4 | logs verificados=34,700/39,957 | logs válidos=26,966
[2026-09-18 15:41:41] Fase 2/4 | logs verificados=34,800/39,957 | logs válidos=27,051
[2026-09-18 15:41:42] Fase 2/4 | logs verificados=34,900/39,957 | logs válidos=27,140
[2026-09-18 15:41:43] Fase 2/4 | logs verificados=35,000/39,957 | logs válidos=27,229
[2026-09-18 15:41:43] Fase 2/4 | logs verificados=35,100/39,957 | logs válidos=27,324
[2026-09-18 15:41:44] Fase 2/4 | logs verificados=35,200/39,957 | logs válidos=27,421
[2026-09-18 15:41:45] Fase 2/4 | logs verificados=35,300/39,957 | logs válidos=27,514
[2026-09-18 15:41:48] Fase 2/4 | logs verificados=35,400/39,957 | logs válidos=27,599
[2026-09-18 15:41:50] Fase 2/4 | logs verificados=35,500/39,957 | logs válidos=27,657
[2026-09-18 15:41:52] Fase 2/4 | logs verificados=35,600/39,957 | logs válidos=27,729
[2026-09-18 15:41:54] Fase 2/4 | logs verificados=35,700/39,957 | logs válidos=27,815
[2026-09-18 15:41:55] Fase 2/4 | logs verificados=35,800/39,957 | logs válidos=27,903
[2026-09-18 15:41:56] Fase 2/4 | logs verificados=35,900/39,957 | logs válidos=27,976
[2026-09-18 15:41:57] Fase 2/4 | logs verificados=36,000/39,957 | logs válidos=28,074
[2026-09-18 15:41:57] Fase 2/4 | logs verificados=36,100/39,957 | logs válidos=28,172
[2026-09-18 15:41:58] Fase 2/4 | logs verificados=36,200/39,957 | logs válidos=28,265
[2026-09-18 15:41:59] Fase 2/4 | logs verificados=36,300/39,957 | logs válidos=28,356
[2026-09-18 15:41:59] Fase 2/4 | logs verificados=36,400/39,957 | logs válidos=28,444
[2026-09-18 15:42:00] Fase 2/4 | logs verificados=36,500/39,957 | logs válidos=28,535
[2026-09-18 15:42:01] Fase 2/4 | logs verificados=36,600/39,957 | logs válidos=28,628
[2026-09-18 15:42:01] Fase 2/4 | logs verificados=36,700/39,957 | logs válidos=28,725
[2026-09-18 15:42:02] Fase 2/4 | logs verificados=36,800/39,957 | logs válidos=28,804
[2026-09-18 15:42:03] Fase 2/4 | logs verificados=36,900/39,957 | logs válidos=28,899
[2026-09-18 15:42:03] Fase 2/4 | logs verificados=37,000/39,957 | logs válidos=28,989
[2026-09-18 15:42:04] Fase 2/4 | logs verificados=37,100/39,957 | logs válidos=29,060
[2026-09-18 15:42:05] Fase 2/4 | logs verificados=37,200/39,957 | logs válidos=29,141
[2026-09-18 15:42:06] Fase 2/4 | logs verificados=37,300/39,957 | logs válidos=29,239
[2026-09-18 15:42:08] Fase 2/4 | logs verificados=37,400/39,957 | logs válidos=29,330
[2026-09-18 15:42:10] Fase 2/4 | logs verificados=37,500/39,957 | logs válidos=29,423
[2026-09-18 15:42:11] Fase 2/4 | logs verificados=37,600/39,957 | logs válidos=29,520
[2026-09-18 15:42:12] Fase 2/4 | logs verificados=37,700/39,957 | logs válidos=29,604
[2026-09-18 15:42:13] Fase 2/4 | logs verificados=37,800/39,957 | logs válidos=29,695
[2026-09-18 15:42:14] Fase 2/4 | logs verificados=37,900/39,957 | logs válidos=29,791
[2026-09-18 15:42:15] Fase 2/4 | logs verificados=38,000/39,957 | logs válidos=29,880
[2026-09-18 15:42:15] Fase 2/4 | logs verificados=38,100/39,957 | logs válidos=29,978
[2026-09-18 15:42:17] Fase 2/4 | logs verificados=38,200/39,957 | logs válidos=30,075
[2026-09-18 15:42:18] Fase 2/4 | logs verificados=38,300/39,957 | logs válidos=30,174
[2026-09-18 15:42:20] Fase 2/4 | logs verificados=38,400/39,957 | logs válidos=30,272
[2026-09-18 15:42:22] Fase 2/4 | logs verificados=38,500/39,957 | logs válidos=30,371
[2026-09-18 15:42:23] Fase 2/4 | logs verificados=38,600/39,957 | logs válidos=30,457
[2026-09-18 15:42:24] Fase 2/4 | logs verificados=38,700/39,957 | logs válidos=30,535
[2026-09-18 15:42:27] Fase 2/4 | logs verificados=38,800/39,957 | logs válidos=30,626
[2026-09-18 15:42:28] Fase 2/4 | logs verificados=38,900/39,957 | logs válidos=30,711
[2026-09-18 15:42:28] Fase 2/4 | logs verificados=39,000/39,957 | logs válidos=30,799
[2026-09-18 15:42:29] Fase 2/4 | logs verificados=39,100/39,957 | logs válidos=30,872
[2026-09-18 15:42:30] Fase 2/4 | logs verificados=39,200/39,957 | logs válidos=30,957
[2026-09-18 15:42:31] Fase 2/4 | logs verificados=39,300/39,957 | logs válidos=31,039
[2026-09-18 15:42:32] Fase 2/4 | logs verificados=39,400/39,957 | logs válidos=31,114
[2026-09-18 15:42:32] Fase 2/4 | logs verificados=39,500/39,957 | logs válidos=31,185
[2026-09-18 15:42:33] Fase 2/4 | logs verificados=39,600/39,957 | logs válidos=31,265
[2026-09-18 15:42:33] Fase 2/4 | logs verificados=39,700/39,957 | logs válidos=31,347
[2026-09-18 15:42:34] Fase 2/4 | logs verificados=39,800/39,957 | logs válidos=31,438
[2026-09-18 15:42:35] Fase 2/4 | logs verificados=39,900/39,957 | logs válidos=31,522
[2026-09-18 15:42:35] Fase 2/4 concluída — logs válidos=31,568/39,957
[2026-09-18 15:42:35] Fase 3/4 iniciada — montagem das referências
[2026-09-18 15:42:35] Fase 3/4 | referências montadas=1/1,112,561
[2026-09-18 15:42:35] Fase 3/4 | referências montadas=1,000/1,112,561
[2026-09-18 15:42:35] Fase 3/4 | referências montadas=2,000/1,112,561
[2026-09-18 15:42:35] Fase 3/4 | referências montadas=3,000/1,112,561
[2026-09-18 15:42:36] Fase 3/4 | referências montadas=4,000/1,112,561
[2026-09-18 15:42:36] Fase 3/4 | referências montadas=5,000/1,112,561
[2026-09-18 15:42:36] Fase 3/4 | referências montadas=6,000/1,112,561
[2026-09-18 15:42:36] Fase 3/4 | referências montadas=7,000/1,112,561
[2026-09-18 15:42:36] Fase 3/4 | referências montadas=8,000/1,112,561
[2026-09-18 15:42:36] Fase 3/4 | referências montadas=9,000/1,112,561
[2026-09-18 15:42:36] Fase 3/4 | referências montadas=10,000/1,112,561
[2026-09-18 15:42:36] Fase 3/4 | referências montadas=11,000/1,112,561
[2026-09-18 15:42:36] Fase 3/4 | referências montadas=12,000/1,112,561
[2026-09-18 15:42:36] Fase 3/4 | referências montadas=13,000/1,112,561
[2026-09-18 15:42:36] Fase 3/4 | referências montadas=14,000/1,112,561
[2026-09-18 15:42:37] Fase 3/4 | referências montadas=15,000/1,112,561
[2026-09-18 15:42:37] Fase 3/4 | referências montadas=16,000/1,112,561
[2026-09-18 15:42:37] Fase 3/4 | referências montadas=17,000/1,112,561
[2026-09-18 15:42:37] Fase 3/4 | referências montadas=18,000/1,112,561
[2026-09-18 15:42:37] Fase 3/4 | referências montadas=19,000/1,112,561
[2026-09-18 15:42:37] Fase 3/4 | referências montadas=20,000/1,112,561
[2026-09-18 15:42:37] Fase 3/4 | referências montadas=21,000/1,112,561
[2026-09-18 15:42:37] Fase 3/4 | referências montadas=22,000/1,112,561
[2026-09-18 15:42:37] Fase 3/4 | referências montadas=23,000/1,112,561
[2026-09-18 15:42:37] Fase 3/4 | referências montadas=24,000/1,112,561
[2026-09-18 15:42:38] Fase 3/4 | referências montadas=25,000/1,112,561
[2026-09-18 15:42:38] Fase 3/4 | referências montadas=26,000/1,112,561
[2026-09-18 15:42:38] Fase 3/4 | referências montadas=27,000/1,112,561
[2026-09-18 15:42:38] Fase 3/4 | referências montadas=28,000/1,112,561
[2026-09-18 15:42:38] Fase 3/4 | referências montadas=29,000/1,112,561
[2026-09-18 15:42:38] Fase 3/4 | referências montadas=30,000/1,112,561
[2026-09-18 15:42:38] Fase 3/4 | referências montadas=31,000/1,112,561
[2026-09-18 15:42:38] Fase 3/4 | referências montadas=32,000/1,112,561
[2026-09-18 15:42:38] Fase 3/4 | referências montadas=33,000/1,112,561
[2026-09-18 15:42:39] Fase 3/4 | referências montadas=34,000/1,112,561
[2026-09-18 15:42:39] Fase 3/4 | referências montadas=35,000/1,112,561
[2026-09-18 15:42:39] Fase 3/4 | referências montadas=36,000/1,112,561
[2026-09-18 15:42:39] Fase 3/4 | referências montadas=37,000/1,112,561
[2026-09-18 15:42:39] Fase 3/4 | referências montadas=38,000/1,112,561
[2026-09-18 15:42:39] Fase 3/4 | referências montadas=39,000/1,112,561
[2026-09-18 15:42:39] Fase 3/4 | referências montadas=40,000/1,112,561
[2026-09-18 15:42:39] Fase 3/4 | referências montadas=41,000/1,112,561
[2026-09-18 15:42:39] Fase 3/4 | referências montadas=42,000/1,112,561
[2026-09-18 15:42:39] Fase 3/4 | referências montadas=43,000/1,112,561
[2026-09-18 15:42:40] Fase 3/4 | referências montadas=44,000/1,112,561
[2026-09-18 15:42:40] Fase 3/4 | referências montadas=45,000/1,112,561
[2026-09-18 15:42:40] Fase 3/4 | referências montadas=46,000/1,112,561
[2026-09-18 15:42:40] Fase 3/4 | referências montadas=47,000/1,112,561
[2026-09-18 15:42:40] Fase 3/4 | referências montadas=48,000/1,112,561
[2026-09-18 15:42:40] Fase 3/4 | referências montadas=49,000/1,112,561
[2026-09-18 15:42:40] Fase 3/4 | referências montadas=50,000/1,112,561
[2026-09-18 15:42:40] Fase 3/4 | referências montadas=51,000/1,112,561
[2026-09-18 15:42:40] Fase 3/4 | referências montadas=52,000/1,112,561
[2026-09-18 15:42:40] Fase 3/4 | referências montadas=53,000/1,112,561
[2026-09-18 15:42:40] Fase 3/4 | referências montadas=54,000/1,112,561
[2026-09-18 15:42:41] Fase 3/4 | referências montadas=55,000/1,112,561
[2026-09-18 15:42:41] Fase 3/4 | referências montadas=56,000/1,112,561
[2026-09-18 15:42:41] Fase 3/4 | referências montadas=57,000/1,112,561
[2026-09-18 15:42:41] Fase 3/4 | referências montadas=58,000/1,112,561
[2026-09-18 15:42:41] Fase 3/4 | referências montadas=59,000/1,112,561
[2026-09-18 15:42:41] Fase 3/4 | referências montadas=60,000/1,112,561
[2026-09-18 15:42:41] Fase 3/4 | referências montadas=61,000/1,112,561
[2026-09-18 15:42:41] Fase 3/4 | referências montadas=62,000/1,112,561
[2026-09-18 15:42:41] Fase 3/4 | referências montadas=63,000/1,112,561
[2026-09-18 15:42:41] Fase 3/4 | referências montadas=64,000/1,112,561
[2026-09-18 15:42:41] Fase 3/4 | referências montadas=65,000/1,112,561
[2026-09-18 15:42:41] Fase 3/4 | referências montadas=66,000/1,112,561
[2026-09-18 15:42:42] Fase 3/4 | referências montadas=67,000/1,112,561
[2026-09-18 15:42:42] Fase 3/4 | referências montadas=68,000/1,112,561
[2026-09-18 15:42:42] Fase 3/4 | referências montadas=69,000/1,112,561
[2026-09-18 15:42:42] Fase 3/4 | referências montadas=70,000/1,112,561
[2026-09-18 15:42:42] Fase 3/4 | referências montadas=71,000/1,112,561
[2026-09-18 15:42:42] Fase 3/4 | referências montadas=72,000/1,112,561
[2026-09-18 15:42:42] Fase 3/4 | referências montadas=73,000/1,112,561
[2026-09-18 15:42:42] Fase 3/4 | referências montadas=74,000/1,112,561
[2026-09-18 15:42:42] Fase 3/4 | referências montadas=75,000/1,112,561
[2026-09-18 15:42:43] Fase 3/4 | referências montadas=76,000/1,112,561
[2026-09-18 15:42:43] Fase 3/4 | referências montadas=77,000/1,112,561
[2026-09-18 15:42:43] Fase 3/4 | referências montadas=78,000/1,112,561
[2026-09-18 15:42:43] Fase 3/4 | referências montadas=79,000/1,112,561
[2026-09-18 15:42:43] Fase 3/4 | referências montadas=80,000/1,112,561
[2026-09-18 15:42:43] Fase 3/4 | referências montadas=81,000/1,112,561
[2026-09-18 15:42:43] Fase 3/4 | referências montadas=82,000/1,112,561
[2026-09-18 15:42:43] Fase 3/4 | referências montadas=83,000/1,112,561
[2026-09-18 15:42:43] Fase 3/4 | referências montadas=84,000/1,112,561
[2026-09-18 15:42:43] Fase 3/4 | referências montadas=85,000/1,112,561
[2026-09-18 15:42:44] Fase 3/4 | referências montadas=86,000/1,112,561
[2026-09-18 15:42:44] Fase 3/4 | referências montadas=87,000/1,112,561
[2026-09-18 15:42:44] Fase 3/4 | referências montadas=88,000/1,112,561
[2026-09-18 15:42:44] Fase 3/4 | referências montadas=89,000/1,112,561
[2026-09-18 15:42:44] Fase 3/4 | referências montadas=90,000/1,112,561
[2026-09-18 15:42:44] Fase 3/4 | referências montadas=91,000/1,112,561
[2026-09-18 15:42:44] Fase 3/4 | referências montadas=92,000/1,112,561
[2026-09-18 15:42:44] Fase 3/4 | referências montadas=93,000/1,112,561
[2026-09-18 15:42:44] Fase 3/4 | referências montadas=94,000/1,112,561
[2026-09-18 15:42:44] Fase 3/4 | referências montadas=95,000/1,112,561
[2026-09-18 15:42:44] Fase 3/4 | referências montadas=96,000/1,112,561
[2026-09-18 15:42:45] Fase 3/4 | referências montadas=97,000/1,112,561
[2026-09-18 15:42:45] Fase 3/4 | referências montadas=98,000/1,112,561
[2026-09-18 15:42:45] Fase 3/4 | referências montadas=99,000/1,112,561
[2026-09-18 15:42:45] Fase 3/4 | referências montadas=100,000/1,112,561
[2026-09-18 15:42:45] Fase 3/4 | referências montadas=101,000/1,112,561
[2026-09-18 15:42:45] Fase 3/4 | referências montadas=102,000/1,112,561
[2026-09-18 15:42:45] Fase 3/4 | referências montadas=103,000/1,112,561
[2026-09-18 15:42:45] Fase 3/4 | referências montadas=104,000/1,112,561
[2026-09-18 15:42:45] Fase 3/4 | referências montadas=105,000/1,112,561
[2026-09-18 15:42:45] Fase 3/4 | referências montadas=106,000/1,112,561
[2026-09-18 15:42:46] Fase 3/4 | referências montadas=107,000/1,112,561
[2026-09-18 15:42:46] Fase 3/4 | referências montadas=108,000/1,112,561
[2026-09-18 15:42:46] Fase 3/4 | referências montadas=109,000/1,112,561
[2026-09-18 15:42:46] Fase 3/4 | referências montadas=110,000/1,112,561
[2026-09-18 15:42:46] Fase 3/4 | referências montadas=111,000/1,112,561
[2026-09-18 15:42:46] Fase 3/4 | referências montadas=112,000/1,112,561
[2026-09-18 15:42:46] Fase 3/4 | referências montadas=113,000/1,112,561
[2026-09-18 15:42:46] Fase 3/4 | referências montadas=114,000/1,112,561
[2026-09-18 15:42:46] Fase 3/4 | referências montadas=115,000/1,112,561
[2026-09-18 15:42:46] Fase 3/4 | referências montadas=116,000/1,112,561
[2026-09-18 15:42:46] Fase 3/4 | referências montadas=117,000/1,112,561
[2026-09-18 15:42:47] Fase 3/4 | referências montadas=118,000/1,112,561
[2026-09-18 15:42:47] Fase 3/4 | usuários incluídos=1 | referências montadas=118,754
[2026-09-18 15:42:47] Fase 3/4 | usuários incluídos=100 | referências montadas=118,754
[2026-09-18 15:42:47] Fase 3/4 | usuários incluídos=200 | referências montadas=118,754
[2026-09-18 15:42:47] Fase 3/4 | usuários incluídos=300 | referências montadas=118,754
[2026-09-18 15:42:47] Fase 3/4 | usuários incluídos=400 | referências montadas=118,754
[2026-09-18 15:42:47] Fase 3/4 | usuários incluídos=500 | referências montadas=118,754
[2026-09-18 15:42:47] Fase 3/4 | usuários incluídos=600 | referências montadas=118,754
[2026-09-18 15:42:47] Fase 3/4 | usuários incluídos=700 | referências montadas=118,754
[2026-09-18 15:42:47] Fase 3/4 | usuários incluídos=800 | referências montadas=118,754
[2026-09-18 15:42:47] Fase 3/4 | usuários incluídos=900 | referências montadas=118,754
[2026-09-18 15:42:47] Fase 3/4 | usuários incluídos=1,000 | referências montadas=118,754
[2026-09-18 15:42:47] Fase 3/4 | usuários incluídos=1,100 | referências montadas=118,754
[2026-09-18 15:42:47] Fase 3/4 | usuários incluídos=1,200 | referências montadas=118,754
[2026-09-18 15:42:47] Fase 3/4 | usuários incluídos=1,300 | referências montadas=118,754
[2026-09-18 15:42:47] Fase 3/4 | usuários incluídos=1,400 | referências montadas=118,754
[2026-09-18 15:42:47] Fase 3/4 | usuários incluídos=1,500 | referências montadas=118,754
[2026-09-18 15:42:47] Fase 3/4 | usuários incluídos=1,600 | referências montadas=118,754
[2026-09-18 15:42:47] Fase 3/4 | usuários incluídos=1,700 | referências montadas=118,754
[2026-09-18 15:42:47] Fase 3/4 | usuários incluídos=1,800 | referências montadas=118,754
[2026-09-18 15:42:47] Fase 3/4 | usuários incluídos=1,900 | referências montadas=118,754
[2026-09-18 15:42:47] Fase 3/4 | usuários incluídos=2,000 | referências montadas=118,754
[2026-09-18 15:42:47] Fase 3/4 | usuários incluídos=2,100 | referências montadas=118,754
[2026-09-18 15:42:47] Fase 3/4 | usuários incluídos=2,200 | referências montadas=118,754
[2026-09-18 15:42:47] Fase 3/4 | usuários incluídos=2,300 | referências montadas=118,754
[2026-09-18 15:42:47] Fase 3/4 | usuários incluídos=2,400 | referências montadas=118,754
[2026-09-18 15:42:47] Fase 3/4 | usuários incluídos=2,500 | referências montadas=118,754
[2026-09-18 15:42:47] Fase 3/4 | usuários incluídos=2,600 | referências montadas=118,754
[2026-09-18 15:42:47] Fase 3/4 | usuários incluídos=2,700 | referências montadas=118,754
[2026-09-18 15:42:48] Fase 3/4 | usuários incluídos=2,800 | referências montadas=118,754
[2026-09-18 15:42:48] Fase 3/4 | usuários incluídos=2,900 | referências montadas=118,754
[2026-09-18 15:42:48] Fase 3/4 concluída — usuários=2,982; arquivos=18,348
[2026-09-18 15:42:48] Fase 4/4 iniciada — gravação do índice
[2026-09-18 15:42:49] Fase 4/4 concluída — saída gravada e validada
[2026-09-18 15:42:49] Índice salvo: D:\Trabalho_Super\QuestionInsight\Etapa_2\output\referencias_processamento.json
[2026-09-18 15:42:49] Log completo salvo: D:\Trabalho_Super\QuestionInsight\Etapa_2\output\etapa2_progresso.log
