2025-07-17 22:55:18,073 cblogger [INFO]: Extracting data from directory: /root/trabalho_super/QuestionInsight/DataSets/cb_dataset_2023_1_v1.81.tar.gz
2025-07-17 22:58:56,370 cblogger [INFO]: Starting Data Collection: Thu Jul 17 22:58:56 2025
2025-07-17 22:58:56,370 cblogger [INFO]: New semester found: data/2022-2
2025-07-17 22:58:56,370 cblogger [INFO]: New course found: data/2022-2/486
2025-07-17 22:58:56,485 cblogger [INFO]: New assignment found: data/2022-2/486/assessments/4407.data
2025-07-17 22:58:56,485 cblogger [INFO]: New assignment found: data/2022-2/486/assessments/4750.data
2025-07-17 22:58:56,486 cblogger [INFO]: New assignment found: data/2022-2/486/assessments/4568.data
2025-07-17 22:58:56,486 cblogger [INFO]: New assignment found: data/2022-2/486/assessments/4447.data
2025-07-17 22:58:56,486 cblogger [INFO]: New assignment found: data/2022-2/486/assessments/4494.data
2025-07-17 22:58:56,486 cblogger [INFO]: New assignment found: data/2022-2/486/assessments/4675.data
2025-07-17 22:58:56,486 cblogger [INFO]: New assignment found: data/2022-2/486/assessments/4635.data
2025-07-17 22:58:56,486 cblogger [INFO]: New assignment found: data/2022-2/486/assessments/4706.data
2025-07-17 22:58:56,486 cblogger [INFO]: New assignment found: data/2022-2/486/assessments/4724.data
2025-07-17 22:58:56,487 cblogger [INFO]: New assignment found: data/2022-2/486/assessments/4487.data
2025-07-17 22:58:56,487 cblogger [INFO]: New assignment found: data/2022-2/486/assessments/4762.data
2025-07-17 22:58:56,487 cblogger [INFO]: New assignment found: data/2022-2/486/assessments/4379.data
2025-07-17 22:58:56,487 cblogger [INFO]: New assignment found: data/2022-2/486/assessments/4761.data
2025-07-17 22:58:56,487 cblogger [INFO]: New assignment found: data/2022-2/486/assessments/4798.data
2025-07-17 22:58:56,487 cblogger [INFO]: New assignment found: data/2022-2/486/assessments/4567.data
2025-07-17 22:58:56,487 cblogger [INFO]: New assignment found: data/2022-2/486/assessments/4408.data
2025-07-17 22:58:56,488 cblogger [INFO]: New assignment found: data/2022-2/486/assessments/4625.data
2025-07-17 22:58:56,488 cblogger [INFO]: New assignment found: data/2022-2/486/assessments/4649.data
2025-07-17 22:58:56,488 cblogger [INFO]: New assignment found: data/2022-2/486/assessments/4536.data
2025-07-17 22:58:56,488 cblogger [INFO]: New assignment found: data/2022-2/486/assessments/4799.data
2025-07-17 22:58:56,488 cblogger [INFO]: New assignment found: data/2022-2/486/assessments/4800.data
2025-07-17 22:58:56,488 cblogger [INFO]: New user found: data/2022-2/486/users/7201
2025-07-17 22:58:56,533 cblogger [INFO]: New solution code found: data/2022-2/486/users/7201/codes/4379_1333.py
2025-07-17 22:58:56,547 cblogger [INFO]: New solution code found: data/2022-2/486/users/7201/codes/4379_1327.py
2025-07-17 22:58:56,553 cblogger [INFO]: New solution code found: data/2022-2/486/users/7201/codes/4407_2049.py
2025-07-17 22:58:56,560 cblogger [INFO]: New solution code found: data/2022-2/486/users/7201/codes/4379_3711.py
2025-07-17 22:58:56,563 cblogger [INFO]: New solution code found: data/2022-2/486/users/7201/codes/4379_2897.py
2025-07-17 22:58:56,566 cblogger [INFO]: New solution code found: data/2022-2/486/users/7201/codes/4494_1879.py
2025-07-17 22:58:56,569 cblogger [INFO]: New solution code found: data/2022-2/486/users/7201/codes/4447_5165.py
2025-07-17 22:58:56,572 cblogger [INFO]: New solution code found: data/2022-2/486/users/7201/codes/4447_2671.py
2025-07-17 22:58:56,586 cblogger [INFO]: New solution code found: data/2022-2/486/users/7201/codes/4408_1800.py
2025-07-17 22:58:56,588 cblogger [INFO]: New solution code found: data/2022-2/486/users/7201/codes/4379_996.py
2025-07-17 22:58:56,589 cblogger [INFO]: New solution code found: data/2022-2/486/users/7201/codes/4447_5921.py
2025-07-17 22:58:56,589 cblogger [ERROR]: 		Error while extracting code complexity metrics: '(' was never closed (<unknown>, line 3)
Traceback (most recent call last):
  File "/root/trabalho_super/QuestionInsight/Etapa_1/codebench-mining-tool/util.py", line 551, in extract_complexity_metrics
    v = ComplexityVisitor.from_code(code)
        ^^^^^^^^^^^^^^^^^^^^^^^^^^^^^^^^^
  File "/root/trabalho_super/venv_jupyter/lib/python3.12/site-packages/radon/visitors.py", line 133, in from_code
    return cls.from_ast(code2ast(code), **kwargs)
                        ^^^^^^^^^^^^^^
  File "/root/trabalho_super/venv_jupyter/lib/python3.12/site-packages/radon/visitors.py", line 48, in code2ast
    return ast.parse(source)
           ^^^^^^^^^^^^^^^^^
  File "/usr/lib/python3.12/ast.py", line 52, in parse
    return compile(source, filename, mode, flags,
           ^^^^^^^^^^^^^^^^^^^^^^^^^^^^^^^^^^^^^^
  File "<unknown>", line 3
    print(int(var * 10)
         ^
SyntaxError: '(' was never closed
2025-07-17 22:58:56,724 cblogger [ERROR]: 		Error while extracting code size based metrics: SyntaxError at line: 3
Traceback (most recent call last):
  File "/root/trabalho_super/venv_jupyter/lib/python3.12/site-packages/radon/raw.py", line 210, in analyze
    tokens, parsed_lines = _get_all_tokens(line, lines)
                           ^^^^^^^^^^^^^^^^^^^^^^^^^^^^
  File "/root/trabalho_super/venv_jupyter/lib/python3.12/site-packages/radon/raw.py", line 117, in _get_all_tokens
    next_line = next(lines)
                ^^^^^^^^^^^
StopIteration

During handling of the above exception, another exception occurred:

Traceback (most recent call last):
  File "/root/trabalho_super/QuestionInsight/Etapa_1/codebench-mining-tool/util.py", line 560, in extract_size_metrics
    a = analyze(code)
        ^^^^^^^^^^^^^
  File "/root/trabalho_super/venv_jupyter/lib/python3.12/site-packages/radon/raw.py", line 212, in analyze
    raise SyntaxError('SyntaxError at line: {0}'.format(lineno))
SyntaxError: SyntaxError at line: 3
2025-07-17 22:58:57,334 cblogger [ERROR]: 		Error while extracting halsted code metrics: '(' was never closed (<unknown>, line 3)
Traceback (most recent call last):
  File "/root/trabalho_super/QuestionInsight/Etapa_1/codebench-mining-tool/util.py", line 569, in extract_halstead_metrics
    h = h_visit(code)
        ^^^^^^^^^^^^^
  File "/root/trabalho_super/venv_jupyter/lib/python3.12/site-packages/radon/metrics.py", line 29, in h_visit
    return h_visit_ast(ast.parse(code))
                       ^^^^^^^^^^^^^^^
  File "/usr/lib/python3.12/ast.py", line 52, in parse
    return compile(source, filename, mode, flags,
           ^^^^^^^^^^^^^^^^^^^^^^^^^^^^^^^^^^^^^^
  File "<unknown>", line 3
    print(int(var * 10)
         ^
SyntaxError: '(' was never closed
2025-07-17 22:58:57,476 cblogger [INFO]: New solution code found: data/2022-2/486/users/7201/codes/4379_1559.py
2025-07-17 22:58:57,687 cblogger [INFO]: New solution code found: data/2022-2/486/users/7201/codes/4379_4544.py
2025-07-17 22:58:57,692 cblogger [INFO]: New solution code found: data/2022-2/486/users/7201/codes/4379_1334.py
2025-07-17 22:58:57,702 cblogger [INFO]: New solution code found: data/2022-2/486/users/7201/codes/4407_2894.py
2025-07-17 22:58:57,707 cblogger [INFO]: New solution code found: data/2022-2/486/users/7201/codes/4379_1326.py
2025-07-17 22:58:57,711 cblogger [INFO]: New solution code found: data/2022-2/486/users/7201/codes/4379_1560.py
2025-07-17 22:58:57,715 cblogger [INFO]: New solution code found: data/2022-2/486/users/7201/codes/4379_1330.py
2025-07-17 22:58:57,719 cblogger [INFO]: New solution code found: data/2022-2/486/users/7201/codes/4407_1014.py
2025-07-17 22:58:57,724 cblogger [INFO]: New solution code found: data/2022-2/486/users/7201/codes/4379_1329.py
2025-07-17 22:58:57,726 cblogger [INFO]: New solution code found: data/2022-2/486/users/7201/codes/4379_994.py
2025-07-17 22:58:57,727 cblogger [INFO]: New solution code found: data/2022-2/486/users/7201/codes/4379_1331.py
2025-07-17 22:58:57,729 cblogger [INFO]: New solution code found: data/2022-2/486/users/7201/codes/4379_1332.py
2025-07-17 22:58:57,731 cblogger [INFO]: New solution code found: data/2022-2/486/users/7201/codes/4407_2895.py
2025-07-17 22:58:57,736 cblogger [INFO]: New solution code found: data/2022-2/486/users/7201/codes/4379_2896.py
2025-07-17 22:58:57,737 cblogger [INFO]: New user found: data/2022-2/486/users/8200
2025-07-17 22:58:57,863 cblogger [INFO]: New solution code found: data/2022-2/486/users/8200/codes/4567_3056.py
2025-07-17 22:58:57,871 cblogger [INFO]: New solution code found: data/2022-2/486/users/8200/codes/4408_2946.py
2025-07-17 22:58:57,893 cblogger [INFO]: New solution code found: data/2022-2/486/users/8200/codes/4635_6085.py
2025-07-17 22:58:57,896 cblogger [INFO]: New solution code found: data/2022-2/486/users/8200/codes/4408_1802.py
2025-07-17 22:58:57,899 cblogger [INFO]: New solution code found: data/2022-2/486/users/8200/codes/4567_1117.py
2025-07-17 22:58:57,907 cblogger [INFO]: New solution code found: data/2022-2/486/users/8200/codes/4706_6270.py
2025-07-17 22:58:57,909 cblogger [INFO]: New solution code found: data/2022-2/486/users/8200/codes/4635_5305.py
2025-07-17 22:58:57,912 cblogger [INFO]: New solution code found: data/2022-2/486/users/8200/codes/4379_1333.py
2025-07-17 22:58:57,913 cblogger [INFO]: New solution code found: data/2022-2/486/users/8200/codes/4408_1805.py
2025-07-17 22:58:57,918 cblogger [INFO]: New solution code found: data/2022-2/486/users/8200/codes/4407_1015.py
2025-07-17 22:58:57,921 cblogger [INFO]: New solution code found: data/2022-2/486/users/8200/codes/4487_2975.py
2025-07-17 22:58:57,961 cblogger [INFO]: New solution code found: data/2022-2/486/users/8200/codes/4487_2969.py
2025-07-17 22:58:58,036 cblogger [INFO]: New solution code found: data/2022-2/486/users/8200/codes/4635_6050.py
2025-07-17 22:58:58,065 cblogger [INFO]: New solution code found: data/2022-2/486/users/8200/codes/4567_5239.py
2025-07-17 22:58:58,069 cblogger [INFO]: New solution code found: data/2022-2/486/users/8200/codes/4447_5172.py
2025-07-17 22:58:58,072 cblogger [INFO]: New solution code found: data/2022-2/486/users/8200/codes/4568_1102.py
2025-07-17 22:58:58,080 cblogger [INFO]: New solution code found: data/2022-2/486/users/8200/codes/4568_2167.py
2025-07-17 22:58:58,086 cblogger [INFO]: New solution code found: data/2022-2/486/users/8200/codes/4379_1327.py
2025-07-17 22:58:58,088 cblogger [INFO]: New solution code found: data/2022-2/486/users/8200/codes/4568_1949.py
2025-07-17 22:58:58,092 cblogger [INFO]: New solution code found: data/2022-2/486/users/8200/codes/4408_3774.py
2025-07-17 22:58:58,093 cblogger [INFO]: New solution code found: data/2022-2/486/users/8200/codes/4408_1804.py
2025-07-17 22:58:58,094 cblogger [INFO]: New solution code found: data/2022-2/486/users/8200/codes/4494_652.py
2025-07-17 22:58:58,097 cblogger [INFO]: New solution code found: data/2022-2/486/users/8200/codes/4568_1950.py
2025-07-17 22:58:58,098 cblogger [INFO]: New solution code found: data/2022-2/486/users/8200/codes/4706_672.py
2025-07-17 22:58:58,100 cblogger [INFO]: New solution code found: data/2022-2/486/users/8200/codes/4487_5955.py
2025-07-17 22:58:58,102 cblogger [INFO]: New solution code found: data/2022-2/486/users/8200/codes/4487_2973.py
2025-07-17 22:58:58,103 cblogger [INFO]: New solution code found: data/2022-2/486/users/8200/codes/4447_5930.py
2025-07-17 22:58:58,104 cblogger [INFO]: New solution code found: data/2022-2/486/users/8200/codes/4649_2527.py
2025-07-17 22:58:58,106 cblogger [INFO]: New solution code found: data/2022-2/486/users/8200/codes/4408_2426.py
2025-07-17 22:58:58,107 cblogger [INFO]: New solution code found: data/2022-2/486/users/8200/codes/4407_2049.py
2025-07-17 22:58:58,108 cblogger [INFO]: New solution code found: data/2022-2/486/users/8200/codes/4447_2672.py
2025-07-17 22:58:58,109 cblogger [INFO]: New solution code found: data/2022-2/486/users/8200/codes/4487_2967.py
2025-07-17 22:58:58,111 cblogger [INFO]: New solution code found: data/2022-2/486/users/8200/codes/4379_3711.py
2025-07-17 22:58:58,114 cblogger [INFO]: New solution code found: data/2022-2/486/users/8200/codes/4408_1801.py
2025-07-17 22:58:58,144 cblogger [INFO]: New solution code found: data/2022-2/486/users/8200/codes/4407_1016.py
2025-07-17 22:58:58,147 cblogger [INFO]: New solution code found: data/2022-2/486/users/8200/codes/4635_6048.py
2025-07-17 22:58:58,149 cblogger [INFO]: New solution code found: data/2022-2/486/users/8200/codes/4487_2971.py
2025-07-17 22:58:58,152 cblogger [INFO]: New solution code found: data/2022-2/486/users/8200/codes/4379_2897.py
2025-07-17 22:58:58,154 cblogger [INFO]: New solution code found: data/2022-2/486/users/8200/codes/4494_1879.py
2025-07-17 22:58:58,157 cblogger [INFO]: New solution code found: data/2022-2/486/users/8200/codes/4567_1487.py
2025-07-17 22:58:58,161 cblogger [INFO]: New solution code found: data/2022-2/486/users/8200/codes/4635_6193.py
2025-07-17 22:58:58,163 cblogger [INFO]: New solution code found: data/2022-2/486/users/8200/codes/4407_4236.py
2025-07-17 22:58:58,165 cblogger [INFO]: New solution code found: data/2022-2/486/users/8200/codes/4635_6044.py
2025-07-17 22:58:58,166 cblogger [INFO]: New solution code found: data/2022-2/486/users/8200/codes/4407_2938.py
2025-07-17 22:58:58,168 cblogger [INFO]: New solution code found: data/2022-2/486/users/8200/codes/4494_4266.py
2025-07-17 22:58:58,178 cblogger [INFO]: New solution code found: data/2022-2/486/users/8200/codes/4407_3770.py
2025-07-17 22:58:58,179 cblogger [INFO]: New solution code found: data/2022-2/486/users/8200/codes/4567_5259.py
2025-07-17 22:58:58,181 cblogger [INFO]: New solution code found: data/2022-2/486/users/8200/codes/4635_6051.py
2025-07-17 22:58:58,182 cblogger [INFO]: New solution code found: data/2022-2/486/users/8200/codes/4625_6146.py
2025-07-17 22:58:58,183 cblogger [INFO]: New solution code found: data/2022-2/486/users/8200/codes/4447_5916.py
2025-07-17 22:58:58,184 cblogger [INFO]: New solution code found: data/2022-2/486/users/8200/codes/4567_5241.py
2025-07-17 22:58:58,186 cblogger [INFO]: New solution code found: data/2022-2/486/users/8200/codes/4635_6043.py
2025-07-17 22:58:58,187 cblogger [INFO]: New solution code found: data/2022-2/486/users/8200/codes/4567_6093.py
2025-07-17 22:58:58,190 cblogger [INFO]: New solution code found: data/2022-2/486/users/8200/codes/4408_1806.py
2025-07-17 22:58:58,191 cblogger [INFO]: New solution code found: data/2022-2/486/users/8200/codes/4408_1800.py
2025-07-17 22:58:58,193 cblogger [INFO]: New solution code found: data/2022-2/486/users/8200/codes/4379_996.py
2025-07-17 22:58:58,193 cblogger [INFO]: New solution code found: data/2022-2/486/users/8200/codes/4487_2449.py
2025-07-17 22:58:58,194 cblogger [INFO]: New solution code found: data/2022-2/486/users/8200/codes/4407_1017.py
2025-07-17 22:58:58,196 cblogger [INFO]: New solution code found: data/2022-2/486/users/8200/codes/4408_1446.py
2025-07-17 22:58:58,197 cblogger [INFO]: New solution code found: data/2022-2/486/users/8200/codes/4487_1397.py
2025-07-17 22:58:58,198 cblogger [INFO]: New solution code found: data/2022-2/486/users/8200/codes/4635_5287.py
2025-07-17 22:58:58,200 cblogger [INFO]: New solution code found: data/2022-2/486/users/8200/codes/4487_3334.py
2025-07-17 22:58:58,230 cblogger [INFO]: New solution code found: data/2022-2/486/users/8200/codes/4568_6102.py
2025-07-17 22:58:58,240 cblogger [INFO]: New solution code found: data/2022-2/486/users/8200/codes/4567_6095.py
2025-07-17 22:58:58,246 cblogger [INFO]: New solution code found: data/2022-2/486/users/8200/codes/4675_6221.py
2025-07-17 22:58:58,249 cblogger [INFO]: New solution code found: data/2022-2/486/users/8200/codes/4625_6175.py
2025-07-17 22:58:58,252 cblogger [INFO]: New solution code found: data/2022-2/486/users/8200/codes/4379_1559.py
2025-07-17 22:58:58,266 cblogger [INFO]: New solution code found: data/2022-2/486/users/8200/codes/4494_1418.py
2025-07-17 22:58:58,295 cblogger [INFO]: New solution code found: data/2022-2/486/users/8200/codes/4635_6039.py
2025-07-17 22:58:58,324 cblogger [INFO]: New solution code found: data/2022-2/486/users/8200/codes/4379_4544.py
2025-07-17 22:58:58,340 cblogger [INFO]: New solution code found: data/2022-2/486/users/8200/codes/4379_1334.py
2025-07-17 22:58:58,348 cblogger [INFO]: New solution code found: data/2022-2/486/users/8200/codes/4408_1803.py
2025-07-17 22:58:58,353 cblogger [INFO]: New solution code found: data/2022-2/486/users/8200/codes/4635_6194.py
2025-07-17 22:58:58,357 cblogger [INFO]: New solution code found: data/2022-2/486/users/8200/codes/4487_2970.py
2025-07-17 22:58:58,363 cblogger [INFO]: New solution code found: data/2022-2/486/users/8200/codes/4407_2894.py
2025-07-17 22:58:58,367 cblogger [INFO]: New solution code found: data/2022-2/486/users/8200/codes/4567_6104.py
2025-07-17 22:58:58,372 cblogger [INFO]: New solution code found: data/2022-2/486/users/8200/codes/4567_6103.py
2025-07-17 22:58:58,376 cblogger [INFO]: New solution code found: data/2022-2/486/users/8200/codes/4487_2445.py
2025-07-17 22:58:58,423 cblogger [INFO]: New solution code found: data/2022-2/486/users/8200/codes/4379_1326.py
2025-07-17 22:58:58,428 cblogger [INFO]: New solution code found: data/2022-2/486/users/8200/codes/4567_5233.py
2025-07-17 22:58:58,446 cblogger [INFO]: New solution code found: data/2022-2/486/users/8200/codes/4635_6205.py
2025-07-17 22:58:58,450 cblogger [INFO]: New solution code found: data/2022-2/486/users/8200/codes/4379_1560.py
2025-07-17 22:58:58,452 cblogger [INFO]: New solution code found: data/2022-2/486/users/8200/codes/4675_6245.py
2025-07-17 22:58:58,457 cblogger [INFO]: New solution code found: data/2022-2/486/users/8200/codes/4379_1330.py
2025-07-17 22:58:58,472 cblogger [INFO]: New solution code found: data/2022-2/486/users/8200/codes/4567_1079.py
2025-07-17 22:58:58,476 cblogger [INFO]: New solution code found: data/2022-2/486/users/8200/codes/4494_1092.py
2025-07-17 22:58:58,479 cblogger [INFO]: New solution code found: data/2022-2/486/users/8200/codes/4649_2507.py
2025-07-17 22:58:58,483 cblogger [INFO]: New solution code found: data/2022-2/486/users/8200/codes/4407_3769.py
2025-07-17 22:58:58,484 cblogger [INFO]: New solution code found: data/2022-2/486/users/8200/codes/4649_2518.py
2025-07-17 22:58:58,486 cblogger [INFO]: New solution code found: data/2022-2/486/users/8200/codes/4635_6042.py
2025-07-17 22:58:58,488 cblogger [INFO]: New solution code found: data/2022-2/486/users/8200/codes/4407_1014.py
2025-07-17 22:58:58,490 cblogger [INFO]: New solution code found: data/2022-2/486/users/8200/codes/4567_3039.py
2025-07-17 22:58:58,493 cblogger [INFO]: New solution code found: data/2022-2/486/users/8200/codes/4635_6195.py
2025-07-17 22:58:58,495 cblogger [INFO]: New solution code found: data/2022-2/486/users/8200/codes/4536_6008.py
2025-07-17 22:58:58,497 cblogger [INFO]: New solution code found: data/2022-2/486/users/8200/codes/4487_1391.py
2025-07-17 22:58:58,498 cblogger [INFO]: New solution code found: data/2022-2/486/users/8200/codes/4635_6224.py
2025-07-17 22:58:58,531 cblogger [INFO]: New solution code found: data/2022-2/486/users/8200/codes/4568_1951.py
2025-07-17 22:58:58,533 cblogger [INFO]: New solution code found: data/2022-2/486/users/8200/codes/4487_2703.py
2025-07-17 22:58:58,534 cblogger [INFO]: New solution code found: data/2022-2/486/users/8200/codes/4494_2443.py
2025-07-17 22:58:58,536 cblogger [INFO]: New solution code found: data/2022-2/486/users/8200/codes/4625_6041.py
2025-07-17 22:58:58,537 cblogger [INFO]: New solution code found: data/2022-2/486/users/8200/codes/4675_6198.py
2025-07-17 22:58:58,538 cblogger [INFO]: New solution code found: data/2022-2/486/users/8200/codes/4487_2972.py
2025-07-17 22:58:58,539 cblogger [INFO]: New solution code found: data/2022-2/486/users/8200/codes/4536_5947.py
2025-07-17 22:58:58,554 cblogger [INFO]: New solution code found: data/2022-2/486/users/8200/codes/4379_1329.py
2025-07-17 22:58:58,555 cblogger [INFO]: New solution code found: data/2022-2/486/users/8200/codes/4649_2525.py
2025-07-17 22:58:58,561 cblogger [INFO]: New solution code found: data/2022-2/486/users/8200/codes/4379_994.py
2025-07-17 22:58:58,567 cblogger [INFO]: New solution code found: data/2022-2/486/users/8200/codes/4379_1331.py
2025-07-17 22:58:58,572 cblogger [INFO]: New solution code found: data/2022-2/486/users/8200/codes/4379_1332.py
2025-07-17 22:58:58,581 cblogger [INFO]: New solution code found: data/2022-2/486/users/8200/codes/4567_6100.py
2025-07-17 22:58:58,591 cblogger [INFO]: New solution code found: data/2022-2/486/users/8200/codes/4407_2895.py
2025-07-17 22:58:58,595 cblogger [INFO]: New solution code found: data/2022-2/486/users/8200/codes/4568_1952.py
2025-07-17 22:58:58,608 cblogger [INFO]: New solution code found: data/2022-2/486/users/8200/codes/4635_6215.py
2025-07-17 22:58:58,610 cblogger [INFO]: New solution code found: data/2022-2/486/users/8200/codes/4536_3370.py
2025-07-17 22:58:58,612 cblogger [INFO]: New solution code found: data/2022-2/486/users/8200/codes/4675_6212.py
2025-07-17 22:58:58,622 cblogger [INFO]: New solution code found: data/2022-2/486/users/8200/codes/4494_1090.py
2025-07-17 22:58:58,625 cblogger [INFO]: New solution code found: data/2022-2/486/users/8200/codes/4625_6107.py
2025-07-17 22:58:58,628 cblogger [INFO]: New solution code found: data/2022-2/486/users/8200/codes/4567_6094.py
2025-07-17 22:58:58,630 cblogger [INFO]: New solution code found: data/2022-2/486/users/8200/codes/4379_2896.py
2025-07-17 22:58:58,632 cblogger [INFO]: New solution code found: data/2022-2/486/users/8200/codes/4487_602.py
2025-07-17 22:58:58,653 cblogger [INFO]: New solution code found: data/2022-2/486/users/8200/codes/4568_1104.py
2025-07-17 22:58:58,706 cblogger [INFO]: New solution code found: data/2022-2/486/users/8200/codes/4487_1395.py
2025-07-17 22:58:58,725 cblogger [INFO]: New solution code found: data/2022-2/486/users/8200/codes/4494_1055.py
2025-07-17 22:58:58,727 cblogger [INFO]: New solution code found: data/2022-2/486/users/8200/codes/4536_6000.py
2025-07-17 22:58:58,756 cblogger [INFO]: New solution code found: data/2022-2/486/users/8200/codes/4649_2526.py
2025-07-17 22:58:58,765 cblogger [INFO]: New solution code found: data/2022-2/486/users/8200/codes/4407_825.py
2025-07-17 22:58:58,767 cblogger [INFO]: New user found: data/2022-2/486/users/8314
2025-07-17 22:58:58,779 cblogger [INFO]: New solution code found: data/2022-2/486/users/8314/codes/4567_3056.py
2025-07-17 22:58:58,819 cblogger [ERROR]: 		Error while extracting code complexity metrics: unindent does not match any outer indentation level (<unknown>, line 5)
Traceback (most recent call last):
  File "/root/trabalho_super/QuestionInsight/Etapa_1/codebench-mining-tool/util.py", line 551, in extract_complexity_metrics
    v = ComplexityVisitor.from_code(code)
        ^^^^^^^^^^^^^^^^^^^^^^^^^^^^^^^^^
  File "/root/trabalho_super/venv_jupyter/lib/python3.12/site-packages/radon/visitors.py", line 133, in from_code
    return cls.from_ast(code2ast(code), **kwargs)
                        ^^^^^^^^^^^^^^
  File "/root/trabalho_super/venv_jupyter/lib/python3.12/site-packages/radon/visitors.py", line 48, in code2ast
    return ast.parse(source)
           ^^^^^^^^^^^^^^^^^
  File "/usr/lib/python3.12/ast.py", line 52, in parse
    return compile(source, filename, mode, flags,
           ^^^^^^^^^^^^^^^^^^^^^^^^^^^^^^^^^^^^^^
  File "<unknown>", line 5
    Custo = 6.00
                ^
IndentationError: unindent does not match any outer indentation level
2025-07-17 22:58:58,823 cblogger [ERROR]: 		Error while extracting code size based metrics: SyntaxError at line: 17
Traceback (most recent call last):
  File "/root/trabalho_super/venv_jupyter/lib/python3.12/site-packages/radon/raw.py", line 210, in analyze
    tokens, parsed_lines = _get_all_tokens(line, lines)
                           ^^^^^^^^^^^^^^^^^^^^^^^^^^^^
  File "/root/trabalho_super/venv_jupyter/lib/python3.12/site-packages/radon/raw.py", line 117, in _get_all_tokens
    next_line = next(lines)
                ^^^^^^^^^^^
StopIteration

During handling of the above exception, another exception occurred:

Traceback (most recent call last):
  File "/root/trabalho_super/QuestionInsight/Etapa_1/codebench-mining-tool/util.py", line 560, in extract_size_metrics
    a = analyze(code)
        ^^^^^^^^^^^^^
  File "/root/trabalho_super/venv_jupyter/lib/python3.12/site-packages/radon/raw.py", line 212, in analyze
    raise SyntaxError('SyntaxError at line: {0}'.format(lineno))
SyntaxError: SyntaxError at line: 17
2025-07-17 22:58:58,825 cblogger [ERROR]: 		Error while extracting halsted code metrics: unindent does not match any outer indentation level (<unknown>, line 5)
Traceback (most recent call last):
  File "/root/trabalho_super/QuestionInsight/Etapa_1/codebench-mining-tool/util.py", line 569, in extract_halstead_metrics
    h = h_visit(code)
        ^^^^^^^^^^^^^
  File "/root/trabalho_super/venv_jupyter/lib/python3.12/site-packages/radon/metrics.py", line 29, in h_visit
    return h_visit_ast(ast.parse(code))
                       ^^^^^^^^^^^^^^^
  File "/usr/lib/python3.12/ast.py", line 52, in parse
    return compile(source, filename, mode, flags,
           ^^^^^^^^^^^^^^^^^^^^^^^^^^^^^^^^^^^^^^
  File "<unknown>", line 5
    Custo = 6.00
                ^
IndentationError: unindent does not match any outer indentation level
2025-07-17 22:58:58,832 cblogger [INFO]: New solution code found: data/2022-2/486/users/8314/codes/4635_6085.py
2025-07-17 22:58:58,842 cblogger [INFO]: New solution code found: data/2022-2/486/users/8314/codes/4635_5305.py
2025-07-17 22:58:58,849 cblogger [INFO]: New solution code found: data/2022-2/486/users/8314/codes/4407_1015.py
2025-07-17 22:58:58,854 cblogger [INFO]: New solution code found: data/2022-2/486/users/8314/codes/4487_2975.py
2025-07-17 22:58:58,922 cblogger [INFO]: New solution code found: data/2022-2/486/users/8314/codes/4635_6050.py
2025-07-17 22:58:58,953 cblogger [INFO]: New solution code found: data/2022-2/486/users/8314/codes/4567_5239.py
2025-07-17 22:58:58,954 cblogger [INFO]: New solution code found: data/2022-2/486/users/8314/codes/4408_3774.py
2025-07-17 22:58:58,955 cblogger [INFO]: New solution code found: data/2022-2/486/users/8314/codes/4487_5955.py
2025-07-17 22:58:58,956 cblogger [ERROR]: 		Error while extracting code complexity metrics: invalid syntax. Maybe you meant '==' or ':=' instead of '='? (<unknown>, line 6)
Traceback (most recent call last):
  File "/root/trabalho_super/QuestionInsight/Etapa_1/codebench-mining-tool/util.py", line 551, in extract_complexity_metrics
    v = ComplexityVisitor.from_code(code)
        ^^^^^^^^^^^^^^^^^^^^^^^^^^^^^^^^^
  File "/root/trabalho_super/venv_jupyter/lib/python3.12/site-packages/radon/visitors.py", line 133, in from_code
    return cls.from_ast(code2ast(code), **kwargs)
                        ^^^^^^^^^^^^^^
  File "/root/trabalho_super/venv_jupyter/lib/python3.12/site-packages/radon/visitors.py", line 48, in code2ast
    return ast.parse(source)
           ^^^^^^^^^^^^^^^^^
  File "/usr/lib/python3.12/ast.py", line 52, in parse
    return compile(source, filename, mode, flags,
           ^^^^^^^^^^^^^^^^^^^^^^^^^^^^^^^^^^^^^^
  File "<unknown>", line 6
    if bolsal = "B"
       ^^^^^^^^^^^^
SyntaxError: invalid syntax. Maybe you meant '==' or ':=' instead of '='?
2025-07-17 22:58:58,956 cblogger [ERROR]: 		Error while extracting halsted code metrics: invalid syntax. Maybe you meant '==' or ':=' instead of '='? (<unknown>, line 6)
Traceback (most recent call last):
  File "/root/trabalho_super/QuestionInsight/Etapa_1/codebench-mining-tool/util.py", line 569, in extract_halstead_metrics
    h = h_visit(code)
        ^^^^^^^^^^^^^
  File "/root/trabalho_super/venv_jupyter/lib/python3.12/site-packages/radon/metrics.py", line 29, in h_visit
    return h_visit_ast(ast.parse(code))
                       ^^^^^^^^^^^^^^^
  File "/usr/lib/python3.12/ast.py", line 52, in parse
    return compile(source, filename, mode, flags,
           ^^^^^^^^^^^^^^^^^^^^^^^^^^^^^^^^^^^^^^
  File "<unknown>", line 6
    if bolsal = "B"
       ^^^^^^^^^^^^
SyntaxError: invalid syntax. Maybe you meant '==' or ':=' instead of '='?
2025-07-17 22:58:58,957 cblogger [INFO]: New solution code found: data/2022-2/486/users/8314/codes/4487_2973.py
2025-07-17 22:58:58,959 cblogger [INFO]: New solution code found: data/2022-2/486/users/8314/codes/4407_2049.py
2025-07-17 22:58:58,960 cblogger [INFO]: New solution code found: data/2022-2/486/users/8314/codes/4536_6014.py
2025-07-17 22:58:58,961 cblogger [INFO]: New solution code found: data/2022-2/486/users/8314/codes/4407_1016.py
2025-07-17 22:58:58,962 cblogger [INFO]: New solution code found: data/2022-2/486/users/8314/codes/4635_6048.py
2025-07-17 22:58:58,963 cblogger [INFO]: New solution code found: data/2022-2/486/users/8314/codes/4536_6002.py
2025-07-17 22:58:58,987 cblogger [INFO]: New solution code found: data/2022-2/486/users/8314/codes/4675_6216.py
2025-07-17 22:58:58,991 cblogger [INFO]: New solution code found: data/2022-2/486/users/8314/codes/4675_6192.py
2025-07-17 22:58:58,995 cblogger [ERROR]: 		Error while extracting code complexity metrics: invalid syntax (<unknown>, line 6)
Traceback (most recent call last):
  File "/root/trabalho_super/QuestionInsight/Etapa_1/codebench-mining-tool/util.py", line 551, in extract_complexity_metrics
    v = ComplexityVisitor.from_code(code)
        ^^^^^^^^^^^^^^^^^^^^^^^^^^^^^^^^^
  File "/root/trabalho_super/venv_jupyter/lib/python3.12/site-packages/radon/visitors.py", line 133, in from_code
    return cls.from_ast(code2ast(code), **kwargs)
                        ^^^^^^^^^^^^^^
  File "/root/trabalho_super/venv_jupyter/lib/python3.12/site-packages/radon/visitors.py", line 48, in code2ast
    return ast.parse(source)
           ^^^^^^^^^^^^^^^^^
  File "/usr/lib/python3.12/ast.py", line 52, in parse
    return compile(source, filename, mode, flags,
           ^^^^^^^^^^^^^^^^^^^^^^^^^^^^^^^^^^^^^^
  File "<unknown>", line 6
    while 
          ^
SyntaxError: invalid syntax
2025-07-17 22:58:58,997 cblogger [ERROR]: 		Error while extracting halsted code metrics: invalid syntax (<unknown>, line 6)
Traceback (most recent call last):
  File "/root/trabalho_super/QuestionInsight/Etapa_1/codebench-mining-tool/util.py", line 569, in extract_halstead_metrics
    h = h_visit(code)
        ^^^^^^^^^^^^^
  File "/root/trabalho_super/venv_jupyter/lib/python3.12/site-packages/radon/metrics.py", line 29, in h_visit
    return h_visit_ast(ast.parse(code))
                       ^^^^^^^^^^^^^^^
  File "/usr/lib/python3.12/ast.py", line 52, in parse
    return compile(source, filename, mode, flags,
           ^^^^^^^^^^^^^^^^^^^^^^^^^^^^^^^^^^^^^^
  File "<unknown>", line 6
    while 
          ^
SyntaxError: invalid syntax
2025-07-17 22:58:58,999 cblogger [INFO]: New solution code found: data/2022-2/486/users/8314/codes/4635_6193.py
2025-07-17 22:58:59,003 cblogger [INFO]: New solution code found: data/2022-2/486/users/8314/codes/4407_4236.py
2025-07-17 22:58:59,007 cblogger [INFO]: New solution code found: data/2022-2/486/users/8314/codes/4635_6044.py
2025-07-17 22:58:59,010 cblogger [INFO]: New solution code found: data/2022-2/486/users/8314/codes/4407_2938.py
2025-07-17 22:58:59,013 cblogger [INFO]: New solution code found: data/2022-2/486/users/8314/codes/4407_3770.py
2025-07-17 22:58:59,015 cblogger [INFO]: New solution code found: data/2022-2/486/users/8314/codes/4567_5259.py
2025-07-17 22:58:59,017 cblogger [INFO]: New solution code found: data/2022-2/486/users/8314/codes/4635_6051.py
2025-07-17 22:58:59,019 cblogger [INFO]: New solution code found: data/2022-2/486/users/8314/codes/4567_5241.py
2025-07-17 22:58:59,021 cblogger [INFO]: New solution code found: data/2022-2/486/users/8314/codes/4635_6043.py
2025-07-17 22:58:59,022 cblogger [INFO]: New solution code found: data/2022-2/486/users/8314/codes/4567_6093.py
2025-07-17 22:58:59,023 cblogger [ERROR]: 		Error while extracting code complexity metrics: inconsistent use of tabs and spaces in indentation (<unknown>, line 10)
Traceback (most recent call last):
  File "/root/trabalho_super/QuestionInsight/Etapa_1/codebench-mining-tool/util.py", line 551, in extract_complexity_metrics
    v = ComplexityVisitor.from_code(code)
        ^^^^^^^^^^^^^^^^^^^^^^^^^^^^^^^^^
  File "/root/trabalho_super/venv_jupyter/lib/python3.12/site-packages/radon/visitors.py", line 133, in from_code
    return cls.from_ast(code2ast(code), **kwargs)
                        ^^^^^^^^^^^^^^
  File "/root/trabalho_super/venv_jupyter/lib/python3.12/site-packages/radon/visitors.py", line 48, in code2ast
    return ast.parse(source)
           ^^^^^^^^^^^^^^^^^
  File "/usr/lib/python3.12/ast.py", line 52, in parse
    return compile(source, filename, mode, flags,
           ^^^^^^^^^^^^^^^^^^^^^^^^^^^^^^^^^^^^^^
  File "<unknown>", line 10
    aumento = salario + salario * 8/100
TabError: inconsistent use of tabs and spaces in indentation
2025-07-17 22:58:59,023 cblogger [ERROR]: 		Error while extracting halsted code metrics: inconsistent use of tabs and spaces in indentation (<unknown>, line 10)
Traceback (most recent call last):
  File "/root/trabalho_super/QuestionInsight/Etapa_1/codebench-mining-tool/util.py", line 569, in extract_halstead_metrics
    h = h_visit(code)
        ^^^^^^^^^^^^^
  File "/root/trabalho_super/venv_jupyter/lib/python3.12/site-packages/radon/metrics.py", line 29, in h_visit
    return h_visit_ast(ast.parse(code))
                       ^^^^^^^^^^^^^^^
  File "/usr/lib/python3.12/ast.py", line 52, in parse
    return compile(source, filename, mode, flags,
           ^^^^^^^^^^^^^^^^^^^^^^^^^^^^^^^^^^^^^^
  File "<unknown>", line 10
    aumento = salario + salario * 8/100
TabError: inconsistent use of tabs and spaces in indentation
2025-07-17 22:58:59,024 cblogger [INFO]: New solution code found: data/2022-2/486/users/8314/codes/4408_1800.py
2025-07-17 22:58:59,025 cblogger [INFO]: New solution code found: data/2022-2/486/users/8314/codes/4487_2449.py
2025-07-17 22:58:59,025 cblogger [ERROR]: 		Error while extracting code complexity metrics: cannot assign to expression here. Maybe you meant '==' instead of '='? (<unknown>, line 13)
Traceback (most recent call last):
  File "/root/trabalho_super/QuestionInsight/Etapa_1/codebench-mining-tool/util.py", line 551, in extract_complexity_metrics
    v = ComplexityVisitor.from_code(code)
        ^^^^^^^^^^^^^^^^^^^^^^^^^^^^^^^^^
  File "/root/trabalho_super/venv_jupyter/lib/python3.12/site-packages/radon/visitors.py", line 133, in from_code
    return cls.from_ast(code2ast(code), **kwargs)
                        ^^^^^^^^^^^^^^
  File "/root/trabalho_super/venv_jupyter/lib/python3.12/site-packages/radon/visitors.py", line 48, in code2ast
    return ast.parse(source)
           ^^^^^^^^^^^^^^^^^
  File "/usr/lib/python3.12/ast.py", line 52, in parse
    return compile(source, filename, mode, flags,
           ^^^^^^^^^^^^^^^^^^^^^^^^^^^^^^^^^^^^^^
  File "<unknown>", line 13
    a * x + b * y = c
    ^^^^^^^^^^^^^
SyntaxError: cannot assign to expression here. Maybe you meant '==' instead of '='?
2025-07-17 22:58:59,026 cblogger [ERROR]: 		Error while extracting halsted code metrics: cannot assign to expression here. Maybe you meant '==' instead of '='? (<unknown>, line 13)
Traceback (most recent call last):
  File "/root/trabalho_super/QuestionInsight/Etapa_1/codebench-mining-tool/util.py", line 569, in extract_halstead_metrics
    h = h_visit(code)
        ^^^^^^^^^^^^^
  File "/root/trabalho_super/venv_jupyter/lib/python3.12/site-packages/radon/metrics.py", line 29, in h_visit
    return h_visit_ast(ast.parse(code))
                       ^^^^^^^^^^^^^^^
  File "/usr/lib/python3.12/ast.py", line 52, in parse
    return compile(source, filename, mode, flags,
           ^^^^^^^^^^^^^^^^^^^^^^^^^^^^^^^^^^^^^^
  File "<unknown>", line 13
    a * x + b * y = c
    ^^^^^^^^^^^^^
SyntaxError: cannot assign to expression here. Maybe you meant '==' instead of '='?
2025-07-17 22:58:59,027 cblogger [INFO]: New solution code found: data/2022-2/486/users/8314/codes/4407_1017.py
2025-07-17 22:58:59,030 cblogger [INFO]: New solution code found: data/2022-2/486/users/8314/codes/4635_5287.py
2025-07-17 22:58:59,032 cblogger [INFO]: New solution code found: data/2022-2/486/users/8314/codes/4635_6039.py
2025-07-17 22:58:59,033 cblogger [INFO]: New solution code found: data/2022-2/486/users/8314/codes/4635_6194.py
2025-07-17 22:58:59,034 cblogger [INFO]: New solution code found: data/2022-2/486/users/8314/codes/4447_5935.py
2025-07-17 22:58:59,035 cblogger [INFO]: New solution code found: data/2022-2/486/users/8314/codes/4407_2894.py
2025-07-17 22:58:59,036 cblogger [INFO]: New solution code found: data/2022-2/486/users/8314/codes/4567_6104.py
2025-07-17 22:58:59,038 cblogger [INFO]: New solution code found: data/2022-2/486/users/8314/codes/4567_6103.py
2025-07-17 22:58:59,038 cblogger [ERROR]: 		Error while extracting code complexity metrics: inconsistent use of tabs and spaces in indentation (<unknown>, line 14)
Traceback (most recent call last):
  File "/root/trabalho_super/QuestionInsight/Etapa_1/codebench-mining-tool/util.py", line 551, in extract_complexity_metrics
    v = ComplexityVisitor.from_code(code)
        ^^^^^^^^^^^^^^^^^^^^^^^^^^^^^^^^^
  File "/root/trabalho_super/venv_jupyter/lib/python3.12/site-packages/radon/visitors.py", line 133, in from_code
    return cls.from_ast(code2ast(code), **kwargs)
                        ^^^^^^^^^^^^^^
  File "/root/trabalho_super/venv_jupyter/lib/python3.12/site-packages/radon/visitors.py", line 48, in code2ast
    return ast.parse(source)
           ^^^^^^^^^^^^^^^^^
  File "/usr/lib/python3.12/ast.py", line 52, in parse
    return compile(source, filename, mode, flags,
           ^^^^^^^^^^^^^^^^^^^^^^^^^^^^^^^^^^^^^^
  File "<unknown>", line 14
    		print("pertence")
    ^
TabError: inconsistent use of tabs and spaces in indentation
2025-07-17 22:58:59,038 cblogger [ERROR]: 		Error while extracting halsted code metrics: inconsistent use of tabs and spaces in indentation (<unknown>, line 14)
Traceback (most recent call last):
  File "/root/trabalho_super/QuestionInsight/Etapa_1/codebench-mining-tool/util.py", line 569, in extract_halstead_metrics
    h = h_visit(code)
        ^^^^^^^^^^^^^
  File "/root/trabalho_super/venv_jupyter/lib/python3.12/site-packages/radon/metrics.py", line 29, in h_visit
    return h_visit_ast(ast.parse(code))
                       ^^^^^^^^^^^^^^^
  File "/usr/lib/python3.12/ast.py", line 52, in parse
    return compile(source, filename, mode, flags,
           ^^^^^^^^^^^^^^^^^^^^^^^^^^^^^^^^^^^^^^
  File "<unknown>", line 14
    		print("pertence")
    ^
TabError: inconsistent use of tabs and spaces in indentation
2025-07-17 22:58:59,039 cblogger [INFO]: New solution code found: data/2022-2/486/users/8314/codes/4567_5233.py
2025-07-17 22:58:59,040 cblogger [INFO]: New solution code found: data/2022-2/486/users/8314/codes/4635_6205.py
2025-07-17 22:58:59,043 cblogger [INFO]: New solution code found: data/2022-2/486/users/8314/codes/4407_3769.py
2025-07-17 22:58:59,044 cblogger [INFO]: New solution code found: data/2022-2/486/users/8314/codes/4635_6042.py
2025-07-17 22:58:59,045 cblogger [INFO]: New solution code found: data/2022-2/486/users/8314/codes/4407_1014.py
2025-07-17 22:58:59,047 cblogger [INFO]: New solution code found: data/2022-2/486/users/8314/codes/4567_3039.py
2025-07-17 22:58:59,048 cblogger [INFO]: New solution code found: data/2022-2/486/users/8314/codes/4536_2968.py
2025-07-17 22:58:59,049 cblogger [ERROR]: 		Error while extracting code complexity metrics: unexpected indent (<unknown>, line 12)
Traceback (most recent call last):
  File "/root/trabalho_super/QuestionInsight/Etapa_1/codebench-mining-tool/util.py", line 551, in extract_complexity_metrics
    v = ComplexityVisitor.from_code(code)
        ^^^^^^^^^^^^^^^^^^^^^^^^^^^^^^^^^
  File "/root/trabalho_super/venv_jupyter/lib/python3.12/site-packages/radon/visitors.py", line 133, in from_code
    return cls.from_ast(code2ast(code), **kwargs)
                        ^^^^^^^^^^^^^^
  File "/root/trabalho_super/venv_jupyter/lib/python3.12/site-packages/radon/visitors.py", line 48, in code2ast
    return ast.parse(source)
           ^^^^^^^^^^^^^^^^^
  File "/usr/lib/python3.12/ast.py", line 52, in parse
    return compile(source, filename, mode, flags,
           ^^^^^^^^^^^^^^^^^^^^^^^^^^^^^^^^^^^^^^
  File "<unknown>", line 12
    	print(round(quanttot2,2))
    ^
IndentationError: unexpected indent
2025-07-17 22:58:59,049 cblogger [ERROR]: 		Error while extracting halsted code metrics: unexpected indent (<unknown>, line 12)
Traceback (most recent call last):
  File "/root/trabalho_super/QuestionInsight/Etapa_1/codebench-mining-tool/util.py", line 569, in extract_halstead_metrics
    h = h_visit(code)
        ^^^^^^^^^^^^^
  File "/root/trabalho_super/venv_jupyter/lib/python3.12/site-packages/radon/metrics.py", line 29, in h_visit
    return h_visit_ast(ast.parse(code))
                       ^^^^^^^^^^^^^^^
  File "/usr/lib/python3.12/ast.py", line 52, in parse
    return compile(source, filename, mode, flags,
           ^^^^^^^^^^^^^^^^^^^^^^^^^^^^^^^^^^^^^^
  File "<unknown>", line 12
    	print(round(quanttot2,2))
    ^
IndentationError: unexpected indent
2025-07-17 22:58:59,050 cblogger [INFO]: New solution code found: data/2022-2/486/users/8314/codes/4635_6195.py
2025-07-17 22:58:59,051 cblogger [INFO]: New solution code found: data/2022-2/486/users/8314/codes/4635_6224.py
2025-07-17 22:58:59,054 cblogger [INFO]: New solution code found: data/2022-2/486/users/8314/codes/4487_2703.py
2025-07-17 22:58:59,055 cblogger [INFO]: New solution code found: data/2022-2/486/users/8314/codes/4447_2301.py
2025-07-17 22:58:59,055 cblogger [ERROR]: 		Error while extracting code complexity metrics: invalid syntax. Perhaps you forgot a comma? (<unknown>, line 6)
Traceback (most recent call last):
  File "/root/trabalho_super/QuestionInsight/Etapa_1/codebench-mining-tool/util.py", line 551, in extract_complexity_metrics
    v = ComplexityVisitor.from_code(code)
        ^^^^^^^^^^^^^^^^^^^^^^^^^^^^^^^^^
  File "/root/trabalho_super/venv_jupyter/lib/python3.12/site-packages/radon/visitors.py", line 133, in from_code
    return cls.from_ast(code2ast(code), **kwargs)
                        ^^^^^^^^^^^^^^
  File "/root/trabalho_super/venv_jupyter/lib/python3.12/site-packages/radon/visitors.py", line 48, in code2ast
    return ast.parse(source)
           ^^^^^^^^^^^^^^^^^
  File "/usr/lib/python3.12/ast.py", line 52, in parse
    return compile(source, filename, mode, flags,
           ^^^^^^^^^^^^^^^^^^^^^^^^^^^^^^^^^^^^^^
  File "<unknown>", line 6
    a = sqrt(ladob**2 + ladoc**2-2*ladob*ladoc*(radians)cos(alfa))
             ^^^^^^^^^^^^^^^^^^^^^^^^^^^^^^^^^^^^^^^^^^^^^^^^^^^^
SyntaxError: invalid syntax. Perhaps you forgot a comma?
2025-07-17 22:58:59,056 cblogger [ERROR]: 		Error while extracting halsted code metrics: invalid syntax. Perhaps you forgot a comma? (<unknown>, line 6)
Traceback (most recent call last):
  File "/root/trabalho_super/QuestionInsight/Etapa_1/codebench-mining-tool/util.py", line 569, in extract_halstead_metrics
    h = h_visit(code)
        ^^^^^^^^^^^^^
  File "/root/trabalho_super/venv_jupyter/lib/python3.12/site-packages/radon/metrics.py", line 29, in h_visit
    return h_visit_ast(ast.parse(code))
                       ^^^^^^^^^^^^^^^
  File "/usr/lib/python3.12/ast.py", line 52, in parse
    return compile(source, filename, mode, flags,
           ^^^^^^^^^^^^^^^^^^^^^^^^^^^^^^^^^^^^^^
  File "<unknown>", line 6
    a = sqrt(ladob**2 + ladoc**2-2*ladob*ladoc*(radians)cos(alfa))
             ^^^^^^^^^^^^^^^^^^^^^^^^^^^^^^^^^^^^^^^^^^^^^^^^^^^^
SyntaxError: invalid syntax. Perhaps you forgot a comma?
2025-07-17 22:58:59,057 cblogger [INFO]: New solution code found: data/2022-2/486/users/8314/codes/4447_5171.py
2025-07-17 22:58:59,058 cblogger [INFO]: New solution code found: data/2022-2/486/users/8314/codes/4675_6197.py
2025-07-17 22:58:59,060 cblogger [INFO]: New solution code found: data/2022-2/486/users/8314/codes/4567_6100.py
2025-07-17 22:58:59,061 cblogger [INFO]: New solution code found: data/2022-2/486/users/8314/codes/4407_2895.py
2025-07-17 22:58:59,062 cblogger [INFO]: New solution code found: data/2022-2/486/users/8314/codes/4635_6215.py
2025-07-17 22:58:59,063 cblogger [INFO]: New solution code found: data/2022-2/486/users/8314/codes/4447_5919.py
2025-07-17 22:58:59,064 cblogger [INFO]: New solution code found: data/2022-2/486/users/8314/codes/4567_6094.py
2025-07-17 22:58:59,066 cblogger [INFO]: New solution code found: data/2022-2/486/users/8314/codes/4407_825.py
2025-07-17 22:58:59,068 cblogger [INFO]: New user found: data/2022-2/486/users/7657
2025-07-17 22:58:59,107 cblogger [INFO]: New solution code found: data/2022-2/486/users/7657/codes/4761_2844.py
2025-07-17 22:58:59,116 cblogger [ERROR]: 		Error while extracting code complexity metrics: invalid syntax (<unknown>, line 4)
Traceback (most recent call last):
  File "/root/trabalho_super/QuestionInsight/Etapa_1/codebench-mining-tool/util.py", line 551, in extract_complexity_metrics
    v = ComplexityVisitor.from_code(code)
        ^^^^^^^^^^^^^^^^^^^^^^^^^^^^^^^^^
  File "/root/trabalho_super/venv_jupyter/lib/python3.12/site-packages/radon/visitors.py", line 133, in from_code
    return cls.from_ast(code2ast(code), **kwargs)
                        ^^^^^^^^^^^^^^
  File "/root/trabalho_super/venv_jupyter/lib/python3.12/site-packages/radon/visitors.py", line 48, in code2ast
    return ast.parse(source)
           ^^^^^^^^^^^^^^^^^
  File "/usr/lib/python3.12/ast.py", line 52, in parse
    return compile(source, filename, mode, flags,
           ^^^^^^^^^^^^^^^^^^^^^^^^^^^^^^^^^^^^^^
  File "<unknown>", line 4
    tp = 
         ^
SyntaxError: invalid syntax
2025-07-17 22:58:59,119 cblogger [ERROR]: 		Error while extracting halsted code metrics: invalid syntax (<unknown>, line 4)
Traceback (most recent call last):
  File "/root/trabalho_super/QuestionInsight/Etapa_1/codebench-mining-tool/util.py", line 569, in extract_halstead_metrics
    h = h_visit(code)
        ^^^^^^^^^^^^^
  File "/root/trabalho_super/venv_jupyter/lib/python3.12/site-packages/radon/metrics.py", line 29, in h_visit
    return h_visit_ast(ast.parse(code))
                       ^^^^^^^^^^^^^^^
  File "/usr/lib/python3.12/ast.py", line 52, in parse
    return compile(source, filename, mode, flags,
           ^^^^^^^^^^^^^^^^^^^^^^^^^^^^^^^^^^^^^^
  File "<unknown>", line 4
    tp = 
         ^
SyntaxError: invalid syntax
2025-07-17 22:58:59,123 cblogger [INFO]: New solution code found: data/2022-2/486/users/7657/codes/4407_1015.py
2025-07-17 22:58:59,134 cblogger [INFO]: New solution code found: data/2022-2/486/users/7657/codes/4487_2975.py
2025-07-17 22:58:59,148 cblogger [INFO]: New solution code found: data/2022-2/486/users/7657/codes/4487_2969.py
2025-07-17 22:58:59,198 cblogger [INFO]: New solution code found: data/2022-2/486/users/7657/codes/4635_6050.py
2025-07-17 22:58:59,221 cblogger [INFO]: New solution code found: data/2022-2/486/users/7657/codes/4408_3774.py
2025-07-17 22:58:59,231 cblogger [INFO]: New solution code found: data/2022-2/486/users/7657/codes/4487_5955.py
2025-07-17 22:58:59,243 cblogger [INFO]: New solution code found: data/2022-2/486/users/7657/codes/4487_2973.py
2025-07-17 22:58:59,254 cblogger [INFO]: New solution code found: data/2022-2/486/users/7657/codes/4799_2850.py
2025-07-17 22:58:59,257 cblogger [INFO]: New solution code found: data/2022-2/486/users/7657/codes/4408_2426.py
2025-07-17 22:58:59,261 cblogger [INFO]: New solution code found: data/2022-2/486/users/7657/codes/4407_2049.py
2025-07-17 22:58:59,265 cblogger [INFO]: New solution code found: data/2022-2/486/users/7657/codes/4487_2967.py
2025-07-17 22:58:59,268 cblogger [INFO]: New solution code found: data/2022-2/486/users/7657/codes/4625_6153.py
2025-07-17 22:58:59,272 cblogger [INFO]: New solution code found: data/2022-2/486/users/7657/codes/4536_6010.py
2025-07-17 22:58:59,275 cblogger [INFO]: New solution code found: data/2022-2/486/users/7657/codes/4675_6247.py
2025-07-17 22:58:59,277 cblogger [INFO]: New solution code found: data/2022-2/486/users/7657/codes/4407_1016.py
2025-07-17 22:58:59,279 cblogger [INFO]: New solution code found: data/2022-2/486/users/7657/codes/4798_6372.py
2025-07-17 22:58:59,281 cblogger [INFO]: New solution code found: data/2022-2/486/users/7657/codes/4487_2971.py
2025-07-17 22:58:59,477 cblogger [INFO]: New solution code found: data/2022-2/486/users/7657/codes/4407_4236.py
2025-07-17 22:58:59,497 cblogger [INFO]: New solution code found: data/2022-2/486/users/7657/codes/4447_1366.py
2025-07-17 22:58:59,510 cblogger [INFO]: New solution code found: data/2022-2/486/users/7657/codes/4407_2938.py
2025-07-17 22:58:59,513 cblogger [INFO]: New solution code found: data/2022-2/486/users/7657/codes/4761_2588.py
2025-07-17 22:58:59,516 cblogger [INFO]: New solution code found: data/2022-2/486/users/7657/codes/4799_5386.py
2025-07-17 22:58:59,534 cblogger [INFO]: New solution code found: data/2022-2/486/users/7657/codes/4407_3770.py
2025-07-17 22:58:59,535 cblogger [INFO]: New solution code found: data/2022-2/486/users/7657/codes/4799_1390.py
2025-07-17 22:58:59,536 cblogger [INFO]: New solution code found: data/2022-2/486/users/7657/codes/4447_5916.py
2025-07-17 22:58:59,537 cblogger [INFO]: New solution code found: data/2022-2/486/users/7657/codes/4447_5165.py
2025-07-17 22:58:59,557 cblogger [INFO]: New solution code found: data/2022-2/486/users/7657/codes/4675_6220.py
2025-07-17 22:58:59,558 cblogger [INFO]: New solution code found: data/2022-2/486/users/7657/codes/4408_1800.py
2025-07-17 22:58:59,560 cblogger [INFO]: New solution code found: data/2022-2/486/users/7657/codes/4487_2449.py
2025-07-17 22:58:59,562 cblogger [INFO]: New solution code found: data/2022-2/486/users/7657/codes/4407_1017.py
2025-07-17 22:58:59,564 cblogger [INFO]: New solution code found: data/2022-2/486/users/7657/codes/4408_1446.py
2025-07-17 22:58:59,565 cblogger [INFO]: New solution code found: data/2022-2/486/users/7657/codes/4487_1397.py
2025-07-17 22:58:59,566 cblogger [INFO]: New solution code found: data/2022-2/486/users/7657/codes/4487_3334.py
2025-07-17 22:58:59,569 cblogger [INFO]: New solution code found: data/2022-2/486/users/7657/codes/4761_1639.py
2025-07-17 22:58:59,572 cblogger [INFO]: New solution code found: data/2022-2/486/users/7657/codes/4798_1643.py
2025-07-17 22:58:59,573 cblogger [INFO]: New solution code found: data/2022-2/486/users/7657/codes/4635_6039.py
2025-07-17 22:58:59,575 cblogger [INFO]: New solution code found: data/2022-2/486/users/7657/codes/4447_5935.py
2025-07-17 22:58:59,576 cblogger [INFO]: New solution code found: data/2022-2/486/users/7657/codes/4487_2970.py
2025-07-17 22:58:59,590 cblogger [INFO]: New solution code found: data/2022-2/486/users/7657/codes/4407_2894.py
2025-07-17 22:58:59,595 cblogger [INFO]: New solution code found: data/2022-2/486/users/7657/codes/4487_2445.py
2025-07-17 22:58:59,608 cblogger [INFO]: New solution code found: data/2022-2/486/users/7657/codes/4407_3769.py
2025-07-17 22:58:59,615 cblogger [INFO]: New solution code found: data/2022-2/486/users/7657/codes/4635_6042.py
2025-07-17 22:58:59,629 cblogger [INFO]: New solution code found: data/2022-2/486/users/7657/codes/4798_6361.py
2025-07-17 22:58:59,631 cblogger [INFO]: New solution code found: data/2022-2/486/users/7657/codes/4675_6207.py
2025-07-17 22:58:59,640 cblogger [INFO]: New solution code found: data/2022-2/486/users/7657/codes/4407_1014.py
2025-07-17 22:58:59,642 cblogger [INFO]: New solution code found: data/2022-2/486/users/7657/codes/4761_6354.py
2025-07-17 22:58:59,645 cblogger [INFO]: New solution code found: data/2022-2/486/users/7657/codes/4487_1391.py
2025-07-17 22:58:59,667 cblogger [INFO]: New solution code found: data/2022-2/486/users/7657/codes/4761_6353.py
2025-07-17 22:58:59,669 cblogger [INFO]: New solution code found: data/2022-2/486/users/7657/codes/4625_3037.py
2025-07-17 22:58:59,670 cblogger [INFO]: New solution code found: data/2022-2/486/users/7657/codes/4487_2703.py
2025-07-17 22:58:59,696 cblogger [INFO]: New solution code found: data/2022-2/486/users/7657/codes/4536_6006.py
2025-07-17 22:58:59,699 cblogger [INFO]: New solution code found: data/2022-2/486/users/7657/codes/4487_2972.py
2025-07-17 22:58:59,704 cblogger [INFO]: New solution code found: data/2022-2/486/users/7657/codes/4536_3385.py
2025-07-17 22:58:59,706 cblogger [INFO]: New solution code found: data/2022-2/486/users/7657/codes/4625_6076.py
2025-07-17 22:58:59,708 cblogger [INFO]: New solution code found: data/2022-2/486/users/7657/codes/4407_2895.py
2025-07-17 22:58:59,710 cblogger [INFO]: New solution code found: data/2022-2/486/users/7657/codes/4798_6396.py
2025-07-17 22:58:59,712 cblogger [INFO]: New solution code found: data/2022-2/486/users/7657/codes/4625_6107.py
2025-07-17 22:58:59,714 cblogger [INFO]: New solution code found: data/2022-2/486/users/7657/codes/4487_602.py
2025-07-17 22:58:59,716 cblogger [INFO]: New solution code found: data/2022-2/486/users/7657/codes/4487_1395.py
2025-07-17 22:58:59,717 cblogger [INFO]: New solution code found: data/2022-2/486/users/7657/codes/4407_825.py
2025-07-17 22:58:59,719 cblogger [INFO]: New solution code found: data/2022-2/486/users/7657/codes/4799_3031.py
2025-07-17 22:58:59,721 cblogger [INFO]: New solution code found: data/2022-2/486/users/7657/codes/4536_5946.py
2025-07-17 22:58:59,723 cblogger [INFO]: New user found: data/2022-2/486/users/8199
2025-07-17 22:58:59,759 cblogger [INFO]: New solution code found: data/2022-2/486/users/8199/codes/4379_1333.py
2025-07-17 22:58:59,760 cblogger [INFO]: New solution code found: data/2022-2/486/users/8199/codes/4379_1327.py
2025-07-17 22:58:59,761 cblogger [INFO]: New solution code found: data/2022-2/486/users/8199/codes/4408_3774.py
2025-07-17 22:58:59,789 cblogger [INFO]: New solution code found: data/2022-2/486/users/8199/codes/4407_2049.py
2025-07-17 22:58:59,791 cblogger [INFO]: New solution code found: data/2022-2/486/users/8199/codes/4379_3711.py
2025-07-17 22:58:59,792 cblogger [INFO]: New solution code found: data/2022-2/486/users/8199/codes/4408_1801.py
2025-07-17 22:58:59,793 cblogger [INFO]: New solution code found: data/2022-2/486/users/8199/codes/4379_2897.py
2025-07-17 22:58:59,794 cblogger [INFO]: New solution code found: data/2022-2/486/users/8199/codes/4408_1800.py
2025-07-17 22:58:59,796 cblogger [INFO]: New solution code found: data/2022-2/486/users/8199/codes/4379_996.py
2025-07-17 22:58:59,797 cblogger [INFO]: New solution code found: data/2022-2/486/users/8199/codes/4408_1446.py
2025-07-17 22:58:59,798 cblogger [INFO]: New solution code found: data/2022-2/486/users/8199/codes/4379_1559.py
2025-07-17 22:58:59,799 cblogger [INFO]: New solution code found: data/2022-2/486/users/8199/codes/4379_4544.py
2025-07-17 22:58:59,800 cblogger [INFO]: New solution code found: data/2022-2/486/users/8199/codes/4379_1334.py
2025-07-17 22:58:59,803 cblogger [INFO]: New solution code found: data/2022-2/486/users/8199/codes/4407_2894.py
2025-07-17 22:58:59,805 cblogger [INFO]: New solution code found: data/2022-2/486/users/8199/codes/4379_1326.py
2025-07-17 22:58:59,807 cblogger [INFO]: New solution code found: data/2022-2/486/users/8199/codes/4379_1560.py
2025-07-17 22:58:59,808 cblogger [INFO]: New solution code found: data/2022-2/486/users/8199/codes/4379_1330.py
2025-07-17 22:58:59,809 cblogger [INFO]: New solution code found: data/2022-2/486/users/8199/codes/4487_2703.py
2025-07-17 22:58:59,810 cblogger [INFO]: New solution code found: data/2022-2/486/users/8199/codes/4379_1329.py
2025-07-17 22:58:59,812 cblogger [INFO]: New solution code found: data/2022-2/486/users/8199/codes/4379_994.py
2025-07-17 22:58:59,813 cblogger [INFO]: New solution code found: data/2022-2/486/users/8199/codes/4379_1331.py
2025-07-17 22:58:59,815 cblogger [INFO]: New solution code found: data/2022-2/486/users/8199/codes/4379_1332.py
2025-07-17 22:58:59,817 cblogger [INFO]: New solution code found: data/2022-2/486/users/8199/codes/4407_2895.py
2025-07-17 22:58:59,818 cblogger [INFO]: New solution code found: data/2022-2/486/users/8199/codes/4379_2896.py
2025-07-17 22:58:59,819 cblogger [INFO]: New user found: data/2022-2/486/users/8207
2025-07-17 22:58:59,857 cblogger [INFO]: New solution code found: data/2022-2/486/users/8207/codes/4567_3056.py
2025-07-17 22:58:59,908 cblogger [INFO]: New solution code found: data/2022-2/486/users/8207/codes/4408_2946.py
2025-07-17 22:58:59,928 cblogger [INFO]: New solution code found: data/2022-2/486/users/8207/codes/4635_6085.py
2025-07-17 22:58:59,932 cblogger [INFO]: New solution code found: data/2022-2/486/users/8207/codes/4408_1802.py
2025-07-17 22:58:59,934 cblogger [INFO]: New solution code found: data/2022-2/486/users/8207/codes/4567_1117.py
2025-07-17 22:58:59,952 cblogger [INFO]: New solution code found: data/2022-2/486/users/8207/codes/4706_6270.py
2025-07-17 22:58:59,969 cblogger [INFO]: New solution code found: data/2022-2/486/users/8207/codes/4761_2844.py
2025-07-17 22:58:59,990 cblogger [INFO]: New solution code found: data/2022-2/486/users/8207/codes/4675_6248.py
2025-07-17 22:59:00,010 cblogger [INFO]: New solution code found: data/2022-2/486/users/8207/codes/4379_1333.py
2025-07-17 22:59:00,037 cblogger [INFO]: New solution code found: data/2022-2/486/users/8207/codes/4408_1805.py
2025-07-17 22:59:00,039 cblogger [INFO]: New solution code found: data/2022-2/486/users/8207/codes/4761_2563.py
2025-07-17 22:59:00,041 cblogger [INFO]: New solution code found: data/2022-2/486/users/8207/codes/4407_1015.py
2025-07-17 22:59:00,060 cblogger [INFO]: New solution code found: data/2022-2/486/users/8207/codes/4487_2975.py
2025-07-17 22:59:00,071 cblogger [INFO]: New solution code found: data/2022-2/486/users/8207/codes/4487_2969.py
2025-07-17 22:59:00,073 cblogger [INFO]: New solution code found: data/2022-2/486/users/8207/codes/4635_6050.py
2025-07-17 22:59:00,074 cblogger [INFO]: New solution code found: data/2022-2/486/users/8207/codes/4567_5239.py
2025-07-17 22:59:00,076 cblogger [INFO]: New solution code found: data/2022-2/486/users/8207/codes/4536_5950.py
2025-07-17 22:59:00,078 cblogger [INFO]: New solution code found: data/2022-2/486/users/8207/codes/4379_1327.py
2025-07-17 22:59:00,079 cblogger [INFO]: New solution code found: data/2022-2/486/users/8207/codes/4798_1647.py
2025-07-17 22:59:00,081 cblogger [INFO]: New solution code found: data/2022-2/486/users/8207/codes/4408_3774.py
2025-07-17 22:59:00,083 cblogger [INFO]: New solution code found: data/2022-2/486/users/8207/codes/4761_1226.py
2025-07-17 22:59:00,086 cblogger [INFO]: New solution code found: data/2022-2/486/users/8207/codes/4408_1804.py
2025-07-17 22:59:00,154 cblogger [INFO]: New solution code found: data/2022-2/486/users/8207/codes/4761_1223.py
2025-07-17 22:59:00,174 cblogger [INFO]: New solution code found: data/2022-2/486/users/8207/codes/4536_6007.py
2025-07-17 22:59:00,182 cblogger [INFO]: New solution code found: data/2022-2/486/users/8207/codes/4706_672.py
2025-07-17 22:59:00,209 cblogger [INFO]: New solution code found: data/2022-2/486/users/8207/codes/4487_5955.py
2025-07-17 22:59:00,225 cblogger [INFO]: New solution code found: data/2022-2/486/users/8207/codes/4487_2973.py
2025-07-17 22:59:00,265 cblogger [INFO]: New solution code found: data/2022-2/486/users/8207/codes/4408_2426.py
2025-07-17 22:59:00,287 cblogger [INFO]: New solution code found: data/2022-2/486/users/8207/codes/4407_2049.py
2025-07-17 22:59:00,345 cblogger [INFO]: New solution code found: data/2022-2/486/users/8207/codes/4447_2672.py
2025-07-17 22:59:00,358 cblogger [INFO]: New solution code found: data/2022-2/486/users/8207/codes/4536_6014.py
2025-07-17 22:59:00,418 cblogger [INFO]: New solution code found: data/2022-2/486/users/8207/codes/4379_3711.py
2025-07-17 22:59:00,426 cblogger [INFO]: New solution code found: data/2022-2/486/users/8207/codes/4675_6211.py
2025-07-17 22:59:00,434 cblogger [INFO]: New solution code found: data/2022-2/486/users/8207/codes/4408_1801.py
2025-07-17 22:59:00,441 cblogger [INFO]: New solution code found: data/2022-2/486/users/8207/codes/4407_1016.py
2025-07-17 22:59:00,447 cblogger [INFO]: New solution code found: data/2022-2/486/users/8207/codes/4798_6360.py
2025-07-17 22:59:00,450 cblogger [INFO]: New solution code found: data/2022-2/486/users/8207/codes/4635_6048.py
2025-07-17 22:59:00,454 cblogger [INFO]: New solution code found: data/2022-2/486/users/8207/codes/4706_6272.py
2025-07-17 22:59:00,458 cblogger [INFO]: New solution code found: data/2022-2/486/users/8207/codes/4379_2897.py
2025-07-17 22:59:00,462 cblogger [INFO]: New solution code found: data/2022-2/486/users/8207/codes/4567_1487.py
2025-07-17 22:59:00,516 cblogger [INFO]: New solution code found: data/2022-2/486/users/8207/codes/4706_6271.py
2025-07-17 22:59:00,622 cblogger [INFO]: New solution code found: data/2022-2/486/users/8207/codes/4407_4236.py
2025-07-17 22:59:00,623 cblogger [INFO]: New solution code found: data/2022-2/486/users/8207/codes/4750_6321.py
2025-07-17 22:59:00,658 cblogger [INFO]: New solution code found: data/2022-2/486/users/8207/codes/4798_6382.py
2025-07-17 22:59:00,673 cblogger [INFO]: New solution code found: data/2022-2/486/users/8207/codes/4761_6355.py
2025-07-17 22:59:00,674 cblogger [INFO]: New solution code found: data/2022-2/486/users/8207/codes/4407_2938.py
2025-07-17 22:59:00,676 cblogger [INFO]: New solution code found: data/2022-2/486/users/8207/codes/4761_2588.py
2025-07-17 22:59:00,732 cblogger [INFO]: New solution code found: data/2022-2/486/users/8207/codes/4761_3189.py
2025-07-17 22:59:00,753 cblogger [INFO]: New solution code found: data/2022-2/486/users/8207/codes/4706_6251.py
2025-07-17 22:59:00,791 cblogger [INFO]: New solution code found: data/2022-2/486/users/8207/codes/4407_3770.py
2025-07-17 22:59:00,792 cblogger [INFO]: New solution code found: data/2022-2/486/users/8207/codes/4706_1614.py
2025-07-17 22:59:00,794 cblogger [INFO]: New solution code found: data/2022-2/486/users/8207/codes/4567_5259.py
2025-07-17 22:59:00,796 cblogger [INFO]: New solution code found: data/2022-2/486/users/8207/codes/4761_1649.py
2025-07-17 22:59:00,816 cblogger [INFO]: New solution code found: data/2022-2/486/users/8207/codes/4567_5241.py
2025-07-17 22:59:00,836 cblogger [INFO]: New solution code found: data/2022-2/486/users/8207/codes/4447_5165.py
2025-07-17 22:59:01,068 cblogger [INFO]: New solution code found: data/2022-2/486/users/8207/codes/4567_6093.py
2025-07-17 22:59:01,158 cblogger [INFO]: New solution code found: data/2022-2/486/users/8207/codes/4761_2584.py
2025-07-17 22:59:01,172 cblogger [INFO]: New solution code found: data/2022-2/486/users/8207/codes/4408_1806.py
2025-07-17 22:59:01,232 cblogger [INFO]: New solution code found: data/2022-2/486/users/8207/codes/4408_1800.py
2025-07-17 22:59:01,272 cblogger [INFO]: New solution code found: data/2022-2/486/users/8207/codes/4379_996.py
2025-07-17 22:59:01,295 cblogger [INFO]: New solution code found: data/2022-2/486/users/8207/codes/4407_1017.py
2025-07-17 22:59:01,297 cblogger [INFO]: New solution code found: data/2022-2/486/users/8207/codes/4408_1446.py
2025-07-17 22:59:01,298 cblogger [INFO]: New solution code found: data/2022-2/486/users/8207/codes/4487_1397.py
2025-07-17 22:59:01,377 cblogger [INFO]: New solution code found: data/2022-2/486/users/8207/codes/4761_2853.py
2025-07-17 22:59:01,382 cblogger [INFO]: New solution code found: data/2022-2/486/users/8207/codes/4635_5287.py
2025-07-17 22:59:01,403 cblogger [INFO]: New solution code found: data/2022-2/486/users/8207/codes/4487_3334.py
2025-07-17 22:59:01,404 cblogger [INFO]: New solution code found: data/2022-2/486/users/8207/codes/4750_6340.py
2025-07-17 22:59:01,406 cblogger [INFO]: New solution code found: data/2022-2/486/users/8207/codes/4761_1639.py
2025-07-17 22:59:01,409 cblogger [INFO]: New solution code found: data/2022-2/486/users/8207/codes/4567_6095.py
2025-07-17 22:59:01,411 cblogger [INFO]: New solution code found: data/2022-2/486/users/8207/codes/4761_3620.py
2025-07-17 22:59:01,412 cblogger [ERROR]: 		Error while extracting code complexity metrics: expected ':' (<unknown>, line 9)
Traceback (most recent call last):
  File "/root/trabalho_super/QuestionInsight/Etapa_1/codebench-mining-tool/util.py", line 551, in extract_complexity_metrics
    v = ComplexityVisitor.from_code(code)
        ^^^^^^^^^^^^^^^^^^^^^^^^^^^^^^^^^
  File "/root/trabalho_super/venv_jupyter/lib/python3.12/site-packages/radon/visitors.py", line 133, in from_code
    return cls.from_ast(code2ast(code), **kwargs)
                        ^^^^^^^^^^^^^^
  File "/root/trabalho_super/venv_jupyter/lib/python3.12/site-packages/radon/visitors.py", line 48, in code2ast
    return ast.parse(source)
           ^^^^^^^^^^^^^^^^^
  File "/usr/lib/python3.12/ast.py", line 52, in parse
    return compile(source, filename, mode, flags,
           ^^^^^^^^^^^^^^^^^^^^^^^^^^^^^^^^^^^^^^
  File "<unknown>", line 9
    for i in range(size(golpro)) and range(size(golcontra))
                                                           ^
SyntaxError: expected ':'
2025-07-17 22:59:01,413 cblogger [ERROR]: 		Error while extracting halsted code metrics: expected ':' (<unknown>, line 9)
Traceback (most recent call last):
  File "/root/trabalho_super/QuestionInsight/Etapa_1/codebench-mining-tool/util.py", line 569, in extract_halstead_metrics
    h = h_visit(code)
        ^^^^^^^^^^^^^
  File "/root/trabalho_super/venv_jupyter/lib/python3.12/site-packages/radon/metrics.py", line 29, in h_visit
    return h_visit_ast(ast.parse(code))
                       ^^^^^^^^^^^^^^^
  File "/usr/lib/python3.12/ast.py", line 52, in parse
    return compile(source, filename, mode, flags,
           ^^^^^^^^^^^^^^^^^^^^^^^^^^^^^^^^^^^^^^
  File "<unknown>", line 9
    for i in range(size(golpro)) and range(size(golcontra))
                                                           ^
SyntaxError: expected ':'
2025-07-17 22:59:01,415 cblogger [INFO]: New solution code found: data/2022-2/486/users/8207/codes/4706_6264.py
2025-07-17 22:59:01,435 cblogger [INFO]: New solution code found: data/2022-2/486/users/8207/codes/4675_6221.py
2025-07-17 22:59:01,439 cblogger [INFO]: New solution code found: data/2022-2/486/users/8207/codes/4625_6175.py
2025-07-17 22:59:01,445 cblogger [INFO]: New solution code found: data/2022-2/486/users/8207/codes/4379_1559.py
2025-07-17 22:59:01,447 cblogger [INFO]: New solution code found: data/2022-2/486/users/8207/codes/4675_6196.py
2025-07-17 22:59:01,448 cblogger [INFO]: New solution code found: data/2022-2/486/users/8207/codes/4798_6379.py
2025-07-17 22:59:01,451 cblogger [INFO]: New solution code found: data/2022-2/486/users/8207/codes/4750_6350.py
2025-07-17 22:59:01,453 cblogger [INFO]: New solution code found: data/2022-2/486/users/8207/codes/4635_6039.py
2025-07-17 22:59:01,455 cblogger [INFO]: New solution code found: data/2022-2/486/users/8207/codes/4625_6108.py
2025-07-17 22:59:01,458 cblogger [INFO]: New solution code found: data/2022-2/486/users/8207/codes/4379_4544.py
2025-07-17 22:59:01,460 cblogger [INFO]: New solution code found: data/2022-2/486/users/8207/codes/4379_1334.py
2025-07-17 22:59:01,462 cblogger [INFO]: New solution code found: data/2022-2/486/users/8207/codes/4706_6260.py
2025-07-17 22:59:01,477 cblogger [INFO]: New solution code found: data/2022-2/486/users/8207/codes/4706_6259.py
2025-07-17 22:59:01,479 cblogger [ERROR]: 		Error while extracting code complexity metrics: invalid syntax (<unknown>, line 12)
Traceback (most recent call last):
  File "/root/trabalho_super/QuestionInsight/Etapa_1/codebench-mining-tool/util.py", line 551, in extract_complexity_metrics
    v = ComplexityVisitor.from_code(code)
        ^^^^^^^^^^^^^^^^^^^^^^^^^^^^^^^^^
  File "/root/trabalho_super/venv_jupyter/lib/python3.12/site-packages/radon/visitors.py", line 133, in from_code
    return cls.from_ast(code2ast(code), **kwargs)
                        ^^^^^^^^^^^^^^
  File "/root/trabalho_super/venv_jupyter/lib/python3.12/site-packages/radon/visitors.py", line 48, in code2ast
    return ast.parse(source)
           ^^^^^^^^^^^^^^^^^
  File "/usr/lib/python3.12/ast.py", line 52, in parse
    return compile(source, filename, mode, flags,
           ^^^^^^^^^^^^^^^^^^^^^^^^^^^^^^^^^^^^^^
  File "<unknown>", line 12
    	+=1
    	^^
SyntaxError: invalid syntax
2025-07-17 22:59:01,482 cblogger [ERROR]: 		Error while extracting halsted code metrics: invalid syntax (<unknown>, line 12)
Traceback (most recent call last):
  File "/root/trabalho_super/QuestionInsight/Etapa_1/codebench-mining-tool/util.py", line 569, in extract_halstead_metrics
    h = h_visit(code)
        ^^^^^^^^^^^^^
  File "/root/trabalho_super/venv_jupyter/lib/python3.12/site-packages/radon/metrics.py", line 29, in h_visit
    return h_visit_ast(ast.parse(code))
                       ^^^^^^^^^^^^^^^
  File "/usr/lib/python3.12/ast.py", line 52, in parse
    return compile(source, filename, mode, flags,
           ^^^^^^^^^^^^^^^^^^^^^^^^^^^^^^^^^^^^^^
  File "<unknown>", line 12
    	+=1
    	^^
SyntaxError: invalid syntax
2025-07-17 22:59:01,484 cblogger [INFO]: New solution code found: data/2022-2/486/users/8207/codes/4408_1803.py
2025-07-17 22:59:01,487 cblogger [INFO]: New solution code found: data/2022-2/486/users/8207/codes/4447_5935.py
2025-07-17 22:59:01,491 cblogger [INFO]: New solution code found: data/2022-2/486/users/8207/codes/4407_2894.py
2025-07-17 22:59:01,493 cblogger [INFO]: New solution code found: data/2022-2/486/users/8207/codes/4567_6104.py
2025-07-17 22:59:01,497 cblogger [INFO]: New solution code found: data/2022-2/486/users/8207/codes/4567_6103.py
2025-07-17 22:59:01,500 cblogger [INFO]: New solution code found: data/2022-2/486/users/8207/codes/4487_2445.py
2025-07-17 22:59:01,503 cblogger [INFO]: New solution code found: data/2022-2/486/users/8207/codes/4379_1326.py
2025-07-17 22:59:01,505 cblogger [INFO]: New solution code found: data/2022-2/486/users/8207/codes/4567_5233.py
2025-07-17 22:59:01,507 cblogger [INFO]: New solution code found: data/2022-2/486/users/8207/codes/4379_1560.py
2025-07-17 22:59:01,508 cblogger [INFO]: New solution code found: data/2022-2/486/users/8207/codes/4379_1330.py
2025-07-17 22:59:01,509 cblogger [INFO]: New solution code found: data/2022-2/486/users/8207/codes/4706_1186.py
2025-07-17 22:59:01,517 cblogger [INFO]: New solution code found: data/2022-2/486/users/8207/codes/4706_1605.py
2025-07-17 22:59:01,519 cblogger [INFO]: New solution code found: data/2022-2/486/users/8207/codes/4567_1079.py
2025-07-17 22:59:01,522 cblogger [INFO]: New solution code found: data/2022-2/486/users/8207/codes/4407_3769.py
2025-07-17 22:59:01,522 cblogger [INFO]: New solution code found: data/2022-2/486/users/8207/codes/4635_6042.py
2025-07-17 22:59:01,524 cblogger [INFO]: New solution code found: data/2022-2/486/users/8207/codes/4407_1014.py
2025-07-17 22:59:01,525 cblogger [INFO]: New solution code found: data/2022-2/486/users/8207/codes/4567_3039.py
2025-07-17 22:59:01,527 cblogger [INFO]: New solution code found: data/2022-2/486/users/8207/codes/4761_6354.py
2025-07-17 22:59:01,529 cblogger [INFO]: New solution code found: data/2022-2/486/users/8207/codes/4487_1391.py
2025-07-17 22:59:01,530 cblogger [INFO]: New solution code found: data/2022-2/486/users/8207/codes/4761_6353.py
2025-07-17 22:59:01,531 cblogger [INFO]: New solution code found: data/2022-2/486/users/8207/codes/4706_6250.py
2025-07-17 22:59:01,533 cblogger [INFO]: New solution code found: data/2022-2/486/users/8207/codes/4487_2703.py
2025-07-17 22:59:01,534 cblogger [INFO]: New solution code found: data/2022-2/486/users/8207/codes/4625_6150.py
2025-07-17 22:59:01,535 cblogger [INFO]: New solution code found: data/2022-2/486/users/8207/codes/4447_5923.py
2025-07-17 22:59:01,536 cblogger [INFO]: New solution code found: data/2022-2/486/users/8207/codes/4750_6311.py
2025-07-17 22:59:01,538 cblogger [INFO]: New solution code found: data/2022-2/486/users/8207/codes/4487_2972.py
2025-07-17 22:59:01,539 cblogger [INFO]: New solution code found: data/2022-2/486/users/8207/codes/4379_1329.py
2025-07-17 22:59:01,540 cblogger [INFO]: New solution code found: data/2022-2/486/users/8207/codes/4536_3384.py
2025-07-17 22:59:01,541 cblogger [INFO]: New solution code found: data/2022-2/486/users/8207/codes/4379_994.py
2025-07-17 22:59:01,542 cblogger [INFO]: New solution code found: data/2022-2/486/users/8207/codes/4625_6040.py
2025-07-17 22:59:01,543 cblogger [INFO]: New solution code found: data/2022-2/486/users/8207/codes/4379_1331.py
2025-07-17 22:59:01,545 cblogger [INFO]: New solution code found: data/2022-2/486/users/8207/codes/4379_1332.py
2025-07-17 22:59:01,546 cblogger [INFO]: New solution code found: data/2022-2/486/users/8207/codes/4706_6273.py
2025-07-17 22:59:01,549 cblogger [INFO]: New solution code found: data/2022-2/486/users/8207/codes/4567_6100.py
2025-07-17 22:59:01,551 cblogger [INFO]: New solution code found: data/2022-2/486/users/8207/codes/4407_2895.py
2025-07-17 22:59:01,553 cblogger [INFO]: New solution code found: data/2022-2/486/users/8207/codes/4567_6094.py
2025-07-17 22:59:01,555 cblogger [INFO]: New solution code found: data/2022-2/486/users/8207/codes/4706_1621.py
2025-07-17 22:59:01,557 cblogger [INFO]: New solution code found: data/2022-2/486/users/8207/codes/4761_2562.py
2025-07-17 22:59:01,559 cblogger [INFO]: New solution code found: data/2022-2/486/users/8207/codes/4379_2896.py
2025-07-17 22:59:01,560 cblogger [INFO]: New solution code found: data/2022-2/486/users/8207/codes/4761_1227.py
2025-07-17 22:59:01,561 cblogger [INFO]: New solution code found: data/2022-2/486/users/8207/codes/4487_602.py
2025-07-17 22:59:01,563 cblogger [INFO]: New solution code found: data/2022-2/486/users/8207/codes/4487_1395.py
2025-07-17 22:59:01,564 cblogger [INFO]: New solution code found: data/2022-2/486/users/8207/codes/4407_825.py
2025-07-17 22:59:01,565 cblogger [INFO]: New user found: data/2022-2/486/users/4038
2025-07-17 22:59:01,578 cblogger [INFO]: New solution code found: data/2022-2/486/users/4038/codes/4379_1333.py
2025-07-17 22:59:01,593 cblogger [INFO]: New solution code found: data/2022-2/486/users/4038/codes/4407_1015.py
2025-07-17 22:59:01,601 cblogger [INFO]: New solution code found: data/2022-2/486/users/4038/codes/4379_1327.py
2025-07-17 22:59:01,606 cblogger [INFO]: New solution code found: data/2022-2/486/users/4038/codes/4407_2049.py
2025-07-17 22:59:01,612 cblogger [INFO]: New solution code found: data/2022-2/486/users/4038/codes/4379_3711.py
2025-07-17 22:59:01,618 cblogger [INFO]: New solution code found: data/2022-2/486/users/4038/codes/4379_2897.py
2025-07-17 22:59:01,621 cblogger [INFO]: New solution code found: data/2022-2/486/users/4038/codes/4407_3770.py
2025-07-17 22:59:01,649 cblogger [INFO]: New solution code found: data/2022-2/486/users/4038/codes/4379_996.py
2025-07-17 22:59:01,651 cblogger [INFO]: New solution code found: data/2022-2/486/users/4038/codes/4379_1559.py
2025-07-17 22:59:01,653 cblogger [INFO]: New solution code found: data/2022-2/486/users/4038/codes/4379_4544.py
2025-07-17 22:59:01,654 cblogger [INFO]: New solution code found: data/2022-2/486/users/4038/codes/4379_1334.py
2025-07-17 22:59:01,657 cblogger [INFO]: New solution code found: data/2022-2/486/users/4038/codes/4407_2894.py
2025-07-17 22:59:01,662 cblogger [INFO]: New solution code found: data/2022-2/486/users/4038/codes/4379_1326.py
2025-07-17 22:59:01,664 cblogger [INFO]: New solution code found: data/2022-2/486/users/4038/codes/4379_1560.py
2025-07-17 22:59:01,665 cblogger [INFO]: New solution code found: data/2022-2/486/users/4038/codes/4379_1330.py
2025-07-17 22:59:01,668 cblogger [INFO]: New solution code found: data/2022-2/486/users/4038/codes/4407_3769.py
2025-07-17 22:59:01,669 cblogger [INFO]: New solution code found: data/2022-2/486/users/4038/codes/4407_1014.py
2025-07-17 22:59:01,671 cblogger [INFO]: New solution code found: data/2022-2/486/users/4038/codes/4379_1329.py
2025-07-17 22:59:01,673 cblogger [INFO]: New solution code found: data/2022-2/486/users/4038/codes/4379_994.py
2025-07-17 22:59:01,674 cblogger [INFO]: New solution code found: data/2022-2/486/users/4038/codes/4379_1331.py
2025-07-17 22:59:01,675 cblogger [INFO]: New solution code found: data/2022-2/486/users/4038/codes/4379_1332.py
2025-07-17 22:59:01,677 cblogger [INFO]: New solution code found: data/2022-2/486/users/4038/codes/4407_2895.py
2025-07-17 22:59:01,678 cblogger [INFO]: New solution code found: data/2022-2/486/users/4038/codes/4379_2896.py
2025-07-17 22:59:01,679 cblogger [INFO]: New solution code found: data/2022-2/486/users/4038/codes/4407_825.py
2025-07-17 22:59:01,681 cblogger [INFO]: New user found: data/2022-2/486/users/8202
